Archive member included to satisfy reference by file (symbol)

/home/yocto/yocto-rfpf-new/yocto-rfpf/build/tmp/sysroots/rfpf-armv7/usr/include/optee/export-user_ta/lib/libutee.a(user_ta_entry.o)
                              ./user_ta_header.o (__utee_entry)
/home/yocto/yocto-rfpf-new/yocto-rfpf/build/tmp/sysroots/rfpf-armv7/usr/include/optee/export-user_ta/lib/libutee.a(utee_syscalls_a32.o)
                              /home/yocto/yocto-rfpf-new/yocto-rfpf/build/tmp/sysroots/rfpf-armv7/usr/include/optee/export-user_ta/lib/libutee.a(user_ta_entry.o) (utee_return)
/home/yocto/yocto-rfpf-new/yocto-rfpf/build/tmp/sysroots/rfpf-armv7/usr/include/optee/export-user_ta/lib/libutee.a(tee_api_arith.o)
                              /home/yocto/yocto-rfpf-new/yocto-rfpf/build/tmp/sysroots/rfpf-armv7/usr/include/optee/export-user_ta/lib/libutee.a(user_ta_entry.o) (_TEE_MathAPI_Init)
/home/yocto/yocto-rfpf-new/yocto-rfpf/build/tmp/sysroots/rfpf-armv7/usr/include/optee/export-user_ta/lib/libutee.a(tee_api.o)
                              /home/yocto/yocto-rfpf-new/yocto-rfpf/build/tmp/sysroots/rfpf-armv7/usr/include/optee/export-user_ta/lib/libutee.a(user_ta_entry.o) (__utee_from_param)
/home/yocto/yocto-rfpf-new/yocto-rfpf/build/tmp/sysroots/rfpf-armv7/usr/include/optee/export-user_ta/lib/libutee.a(tee_api_panic.o)
                              /home/yocto/yocto-rfpf-new/yocto-rfpf/build/tmp/sysroots/rfpf-armv7/usr/include/optee/export-user_ta/lib/libutee.a(user_ta_entry.o) (__TEE_Panic)
/home/yocto/yocto-rfpf-new/yocto-rfpf/build/tmp/sysroots/rfpf-armv7/usr/include/optee/export-user_ta/lib/libutee.a(utee_misc.o)
                              /home/yocto/yocto-rfpf-new/yocto-rfpf/build/tmp/sysroots/rfpf-armv7/usr/include/optee/export-user_ta/lib/libutee.a(tee_api_arith.o) (get_rng_array)
/home/yocto/yocto-rfpf-new/yocto-rfpf/build/tmp/sysroots/rfpf-armv7/usr/include/optee/export-user_ta/lib/libutee.a(tee_user_mem.o)
                              /home/yocto/yocto-rfpf-new/yocto-rfpf/build/tmp/sysroots/rfpf-armv7/usr/include/optee/export-user_ta/lib/libutee.a(tee_api.o) (tee_user_mem_alloc)
/home/yocto/yocto-rfpf-new/yocto-rfpf/build/tmp/sysroots/rfpf-armv7/usr/include/optee/export-user_ta/lib/libutee.a(trace_ext.o)
                              /home/yocto/yocto-rfpf-new/yocto-rfpf/build/tmp/sysroots/rfpf-armv7/usr/include/optee/export-user_ta/lib/libutee.a(tee_api_arith.o) (printf)
/home/yocto/yocto-rfpf-new/yocto-rfpf/build/tmp/sysroots/rfpf-armv7/usr/include/optee/export-user_ta/lib/libutee.a(assert.o)
                              /home/yocto/yocto-rfpf-new/yocto-rfpf/build/tmp/sysroots/rfpf-armv7/usr/include/optee/export-user_ta/lib/libutee.a(tee_user_mem.o) (_assert_log)
/home/yocto/yocto-rfpf-new/yocto-rfpf/build/tmp/sysroots/rfpf-armv7/usr/include/optee/export-user_ta/lib/libutils.a(bget_malloc.o)
                              /home/yocto/yocto-rfpf-new/yocto-rfpf/build/tmp/sysroots/rfpf-armv7/usr/include/optee/export-user_ta/lib/libutee.a(utee_misc.o) (malloc)
/home/yocto/yocto-rfpf-new/yocto-rfpf/build/tmp/sysroots/rfpf-armv7/usr/include/optee/export-user_ta/lib/libutils.a(snprintf.o)
                              /home/yocto/yocto-rfpf-new/yocto-rfpf/build/tmp/sysroots/rfpf-armv7/usr/include/optee/export-user_ta/lib/libutee.a(trace_ext.o) (vsnprintf)
/home/yocto/yocto-rfpf-new/yocto-rfpf/build/tmp/sysroots/rfpf-armv7/usr/include/optee/export-user_ta/lib/libutils.a(stack_check.o)
                              ./optee_key_ta.o (__stack_chk_fail)
/home/yocto/yocto-rfpf-new/yocto-rfpf/build/tmp/sysroots/rfpf-armv7/usr/include/optee/export-user_ta/lib/libutils.a(memcmp.o)
                              /home/yocto/yocto-rfpf-new/yocto-rfpf/build/tmp/sysroots/rfpf-armv7/usr/include/optee/export-user_ta/lib/libutee.a(tee_api.o) (memcmp)
/home/yocto/yocto-rfpf-new/yocto-rfpf/build/tmp/sysroots/rfpf-armv7/usr/include/optee/export-user_ta/lib/libutils.a(memcpy.o)
                              /home/yocto/yocto-rfpf-new/yocto-rfpf/build/tmp/sysroots/rfpf-armv7/usr/include/optee/export-user_ta/lib/libutee.a(tee_user_mem.o) (memcpy)
/home/yocto/yocto-rfpf-new/yocto-rfpf/build/tmp/sysroots/rfpf-armv7/usr/include/optee/export-user_ta/lib/libutils.a(memmove.o)
                              /home/yocto/yocto-rfpf-new/yocto-rfpf/build/tmp/sysroots/rfpf-armv7/usr/include/optee/export-user_ta/lib/libutee.a(tee_api.o) (memmove)
/home/yocto/yocto-rfpf-new/yocto-rfpf/build/tmp/sysroots/rfpf-armv7/usr/include/optee/export-user_ta/lib/libutils.a(memset.o)
                              /home/yocto/yocto-rfpf-new/yocto-rfpf/build/tmp/sysroots/rfpf-armv7/usr/include/optee/export-user_ta/lib/libutee.a(user_ta_entry.o) (memset)
/home/yocto/yocto-rfpf-new/yocto-rfpf/build/tmp/sysroots/rfpf-armv7/usr/include/optee/export-user_ta/lib/libutils.a(strlen.o)
                              /home/yocto/yocto-rfpf-new/yocto-rfpf/build/tmp/sysroots/rfpf-armv7/usr/include/optee/export-user_ta/lib/libutee.a(trace_ext.o) (strlen)
[...]
Memory Configuration

Name             Origin             Length             Attributes
*default*        0x0000000000000000 0xffffffffffffffff

Linker script and memory map


.ta_head        0x0000000000000000       0x20
 *(SORT(.ta_head))
 .ta_head       0x0000000000000000       0x20 ./user_ta_header.o
                0x0000000000000000                ta_head

.text           0x0000000000000020     0x6e30
 *(SORT(.text) SORT(.text.*))
 .text          0x0000000000000020      0x1c4 ./optee_key_ta.o
                0x0000000000000020                TA_CreateEntryPoint
                0x0000000000000064                TA_DestroyEntryPoint
                0x00000000000000a8                TA_OpenSessionEntryPoint
                0x0000000000000100                TA_CloseSessionEntryPoint
                0x0000000000000144                TA_InvokeCommandEntryPoint
 .text          0x00000000000001e4       0x2c ./user_ta_header.o
                0x00000000000001e4                tahead_get_trace_level
 .text          0x0000000000000210      0x290 /home/yocto/yocto-rfpf-new/yocto-rfpf/build/tmp/sysroots/rfpf-armv7/usr/include/optee/export-user_ta/lib/libutee.a(user_ta_entry.o)
                0x00000000000002cc                __utee_entry
 .text          0x00000000000004a0      0x5d0 /home/yocto/yocto-rfpf-new/yocto-rfpf/build/tmp/sysroots/rfpf-armv7/usr/include/optee/export-user_ta/lib/libutee.a(utee_syscalls_a32.o)
                0x00000000000004a0                utee_return
                0x00000000000004b4                utee_log
                0x00000000000004c8                utee_panic
                0x00000000000004dc                utee_get_property
                0x00000000000004f4                utee_get_property_name_to_index
                0x0000000000000508                utee_open_ta_session
                0x0000000000000520                utee_close_ta_session
                0x0000000000000534                utee_invoke_ta_command
                0x000000000000054c                utee_get_cancellation_flag
                0x0000000000000560                utee_check_access_rights
                0x0000000000000574                utee_unmask_cancellation
                0x0000000000000588                utee_mask_cancellation
                0x000000000000059c                utee_wait
                0x00000000000005b0                utee_get_time
                0x00000000000005c4                utee_set_ta_time
                0x00000000000005d8                utee_cryp_state_alloc
                0x00000000000005f0                utee_cryp_state_copy
                0x0000000000000604                utee_cryp_state_free
                0x0000000000000618                utee_hash_init
                0x000000000000062c                utee_hash_update
                0x0000000000000640                utee_hash_final
                0x0000000000000658                utee_cipher_init
                0x000000000000066c                utee_cipher_update
                0x0000000000000684                utee_cipher_final
                0x000000000000069c                utee_cryp_obj_get_info
                0x00000000000006b0                utee_cryp_obj_restrict_usage
                0x00000000000006c4                utee_cryp_obj_get_attr
                0x00000000000006d8                utee_cryp_obj_alloc
                0x00000000000006ec                utee_cryp_obj_close
                0x0000000000000700                utee_cryp_obj_reset
                0x0000000000000714                utee_cryp_obj_populate
                0x0000000000000728                utee_cryp_obj_copy
                0x000000000000073c                utee_cryp_derive_key
                0x0000000000000750                utee_cryp_random_number_generate
                0x0000000000000764                utee_authenc_init
                0x000000000000077c                utee_authenc_update_aad
                0x0000000000000790                utee_authenc_update_payload
                0x00000000000007a8                utee_authenc_enc_final
                0x00000000000007c0                utee_authenc_dec_final
                0x00000000000007d8                utee_asymm_operate
                0x00000000000007f0                utee_asymm_verify
                0x0000000000000808                utee_storage_obj_open
                0x0000000000000820                utee_storage_obj_create
                0x0000000000000838                utee_storage_obj_del
                0x000000000000084c                utee_storage_obj_rename
                0x0000000000000860                utee_storage_alloc_enum
                0x0000000000000874                utee_storage_free_enum
                0x0000000000000888                utee_storage_reset_enum
                0x000000000000089c                utee_storage_start_enum
                0x00000000000008b0                utee_storage_next_enum
                0x00000000000008c4                utee_storage_obj_read
                0x00000000000008d8                utee_storage_obj_write
                0x00000000000008ec                utee_storage_obj_trunc
                0x0000000000000900                utee_storage_obj_seek
                0x0000000000000914                utee_cryp_obj_generate_key
                0x0000000000000928                utee_se_service_open
                0x000000000000093c                utee_se_service_close
                0x0000000000000950                utee_se_service_get_readers
                0x0000000000000964                utee_se_reader_get_prop
                0x0000000000000978                utee_se_reader_get_name
                0x000000000000098c                utee_se_reader_open_session
                0x00000000000009a0                utee_se_reader_close_sessions
                0x00000000000009b4                utee_se_session_is_closed
                0x00000000000009c8                utee_se_session_get_atr
                0x00000000000009dc                utee_se_session_open_channel
                0x00000000000009f4                utee_se_session_close
                0x0000000000000a08                utee_se_channel_select_next
                0x0000000000000a1c                utee_se_channel_get_select_resp
                0x0000000000000a30                utee_se_channel_transmit
                0x0000000000000a48                utee_se_channel_close
                0x0000000000000a5c                utee_cache_operation
 .text          0x0000000000000a70      0x938 /home/yocto/yocto-rfpf-new/yocto-rfpf/build/tmp/sysroots/rfpf-armv7/usr/include/optee/export-user_ta/lib/libutee.a(tee_api_arith.o)
                0x0000000000000a70                _TEE_MathAPI_Init
                0x0000000000000ac0                TEE_BigIntInit
                0x0000000000000aec                TEE_BigIntInitFMM
                0x0000000000000b20                TEE_BigIntInitFMMContext
                0x0000000000000b68                TEE_BigIntFMMSizeInU32
                0x0000000000000b98                TEE_BigIntFMMContextSizeInU32
                0x0000000000000bc8                TEE_BigIntConvertFromOctetString
                0x0000000000000c00                TEE_BigIntConvertToOctetString
                0x0000000000000c78                TEE_BigIntConvertFromS32
                0x0000000000000ca4                TEE_BigIntConvertToS32
                0x0000000000000cdc                TEE_BigIntCmp
                0x0000000000000d08                TEE_BigIntCmpS32
                0x0000000000000d34                TEE_BigIntShiftRight
                0x0000000000000d60                TEE_BigIntGetBit
                0x0000000000000d90                TEE_BigIntGetBitCount
                0x0000000000000dbc                TEE_BigIntAdd
                0x0000000000000df0                TEE_BigIntSub
                0x0000000000000e24                TEE_BigIntNeg
                0x0000000000000e50                TEE_BigIntMul
                0x0000000000000e84                TEE_BigIntSquare
                0x0000000000000ebc                TEE_BigIntDiv
                0x0000000000000f1c                TEE_BigIntMod
                0x0000000000000f9c                TEE_BigIntAddMod
                0x0000000000001020                TEE_BigIntSubMod
                0x00000000000010a4                TEE_BigIntMulMod
                0x000000000000113c                TEE_BigIntSquareMod
                0x000000000000116c                TEE_BigIntInvMod
                0x00000000000011d0                TEE_BigIntRelativePrime
                0x0000000000001234                TEE_BigIntComputeExtendedGcd
                0x0000000000001270                TEE_BigIntIsProbablePrime
                0x00000000000012b8                TEE_BigIntConvertToFMM
                0x00000000000012f8                TEE_BigIntConvertFromFMM
                0x000000000000136c                TEE_BigIntComputeFMM
 .text.unlikely
                0x00000000000013a8       0x50 /home/yocto/yocto-rfpf-new/yocto-rfpf/build/tmp/sysroots/rfpf-armv7/usr/include/optee/export-user_ta/lib/libutee.a(tee_api_arith.o)
 .text          0x00000000000013f8      0x7c4 /home/yocto/yocto-rfpf-new/yocto-rfpf/build/tmp/sysroots/rfpf-armv7/usr/include/optee/export-user_ta/lib/libutee.a(tee_api.o)
                0x00000000000013f8                __utee_from_param
                0x0000000000001474                __utee_to_param
                0x00000000000014e0                TEE_OpenTASession
                0x0000000000001550                TEE_CloseTASession
                0x00000000000015b4                TEE_InvokeTACommand
                0x000000000000165c                TEE_GetCancellationFlag
                0x0000000000001698                TEE_UnmaskCancellation
                0x00000000000016f8                TEE_MaskCancellation
                0x0000000000001758                TEE_CheckMemoryAccessRights
                0x0000000000001794                TEE_SetInstanceData
                0x00000000000017c8                TEE_GetInstanceData
                0x00000000000017fc                TEE_MemMove
                0x0000000000001828                TEE_MemCompare
                0x0000000000001854                TEE_MemFill
                0x0000000000001880                TEE_GetSystemTime
                0x00000000000018e8                TEE_Wait
                0x000000000000194c                TEE_GetTAPersistentTime
                0x00000000000019cc                TEE_SetTAPersistentTime
                0x0000000000001a3c                TEE_GetREETime
                0x0000000000001aa8                TEE_Malloc
                0x0000000000001ad4                TEE_Realloc
                0x0000000000001b00                TEE_Free
                0x0000000000001b2c                TEE_CacheClean
                0x0000000000001b5c                TEE_CacheFlush
                0x0000000000001b8c                TEE_CacheInvalidate
 .text          0x0000000000001bbc       0x38 /home/yocto/yocto-rfpf-new/yocto-rfpf/build/tmp/sysroots/rfpf-armv7/usr/include/optee/export-user_ta/lib/libutee.a(tee_api_panic.o)
                0x0000000000001bbc                __TEE_Panic
                0x0000000000001bd8                TEE_Panic
 .text          0x0000000000001bf4      0x110 /home/yocto/yocto-rfpf-new/yocto-rfpf/build/tmp/sysroots/rfpf-armv7/usr/include/optee/export-user_ta/lib/libutee.a(utee_misc.o)
                0x0000000000001bf4                utee_get_ta_exec_id
                0x0000000000001c20                utee_malloc
                0x0000000000001c4c                utee_realloc
                0x0000000000001c78                utee_calloc
                0x0000000000001cac                utee_free
                0x0000000000001cd8                get_rng_array
 .text          0x0000000000001d04      0x4e8 /home/yocto/yocto-rfpf-new/yocto-rfpf/build/tmp/sysroots/rfpf-armv7/usr/include/optee/export-user_ta/lib/libutee.a(tee_user_mem.o)
                0x0000000000001e20                tee_user_mem_alloc
                0x0000000000001f14                tee_user_mem_free
                0x000000000000201c                tee_user_mem_realloc
                0x00000000000020b8                tee_user_mem_mark_heap
                0x00000000000020ec                tee_user_mem_check_heap
                0x000000000000217c                tee_user_mem_garbage
 .text          0x00000000000021ec      0x140 /home/yocto/yocto-rfpf-new/yocto-rfpf/build/tmp/sysroots/rfpf-armv7/usr/include/optee/export-user_ta/lib/libutee.a(trace_ext.o)
                0x00000000000021ec                trace_ext_puts
                0x0000000000002224                trace_ext_get_thread_id
                0x0000000000002250                puts
                0x0000000000002288                printf
 .text          0x000000000000232c       0x6c /home/yocto/yocto-rfpf-new/yocto-rfpf/build/tmp/sysroots/rfpf-armv7/usr/include/optee/export-user_ta/lib/libutee.a(assert.o)
                0x000000000000232c                _assert_log
                0x0000000000002378                _assert_break
 .text          0x0000000000002398      0xc50 /home/yocto/yocto-rfpf-new/yocto-rfpf/build/tmp/sysroots/rfpf-armv7/usr/include/optee/export-user_ta/lib/libutils.a(bget_malloc.o)
                0x00000000000024a8                bget
                0x00000000000025e4                bgetz
                0x0000000000002654                brel
                0x0000000000002810                bgetr
                0x0000000000002884                bpool
                0x000000000000292c                bstats
                0x00000000000029c0                malloc_reset_max_allocated
                0x00000000000029f4                malloc_get_max_allocated
                0x0000000000002a28                malloc_get_allocated
                0x0000000000002a5c                malloc_get_heap_size
                0x0000000000002aa4                malloc
                0x0000000000002adc                free
                0x0000000000002b14                calloc
                0x0000000000002b60                realloc
                0x0000000000002b98                memalign
                0x0000000000002df8                malloc_add_pool
                0x0000000000002eac                malloc_buffer_is_within_alloced
                0x0000000000002f88                malloc_buffer_overlaps_heap
 .text          0x0000000000002fe8       0x70 /home/yocto/yocto-rfpf-new/yocto-rfpf/build/tmp/sysroots/rfpf-armv7/usr/include/optee/export-user_ta/lib/libutils.a(snprintf.o)
                0x0000000000002fe8                snprintf
                0x0000000000003028                vsnprintf
 .text          0x0000000000003058       0x18 /home/yocto/yocto-rfpf-new/yocto-rfpf/build/tmp/sysroots/rfpf-armv7/usr/include/optee/export-user_ta/lib/libutils.a(stack_check.o)
                0x0000000000003058                __stack_chk_fail
 .text          0x0000000000003070       0x44 /home/yocto/yocto-rfpf-new/yocto-rfpf/build/tmp/sysroots/rfpf-armv7/usr/include/optee/export-user_ta/lib/libutils.a(memcmp.o)
                0x0000000000003070                memcmp
 .text          0x00000000000030b4       0x38 /home/yocto/yocto-rfpf-new/yocto-rfpf/build/tmp/sysroots/rfpf-armv7/usr/include/optee/export-user_ta/lib/libutils.a(memcpy.o)
                0x00000000000030b4                memcpy
 .text          0x00000000000030ec       0x58 /home/yocto/yocto-rfpf-new/yocto-rfpf/build/tmp/sysroots/rfpf-armv7/usr/include/optee/export-user_ta/lib/libutils.a(memmove.o)
                0x00000000000030ec                memmove
 .text          0x0000000000003144       0x34 /home/yocto/yocto-rfpf-new/yocto-rfpf/build/tmp/sysroots/rfpf-armv7/usr/include/optee/export-user_ta/lib/libutils.a(memset.o)
                0x0000000000003144                memset
 .text          0x0000000000003178       0x34 /home/yocto/yocto-rfpf-new/yocto-rfpf/build/tmp/sysroots/rfpf-armv7/usr/include/optee/export-user_ta/lib/libutils.a(strlen.o)
                0x0000000000003178                strlen
 .text          0x00000000000031ac      0x7b0 /home/yocto/yocto-rfpf-new/yocto-rfpf/build/tmp/sysroots/rfpf-armv7/usr/include/optee/export-user_ta/lib/libutils.a(snprintk.o)
                0x00000000000031ac                __vsnprintf
                0x00000000000038f0                vsnprintk
                0x0000000000003920                snprintk
 .text          0x000000000000395c       0x50 /home/yocto/yocto-rfpf-new/yocto-rfpf/build/tmp/sysroots/rfpf-armv7/usr/include/optee/export-user_ta/lib/libutils.a(strlcpy.o)
                0x000000000000395c                strlcpy
 .text          0x00000000000039ac      0x1f4 /home/yocto/yocto-rfpf-new/yocto-rfpf/build/tmp/sysroots/rfpf-armv7/usr/include/optee/export-user_ta/lib/libutils.a(trace.o)
                0x00000000000039ac                trace_set_level
                0x00000000000039e8                trace_get_level
                0x0000000000003a1c                trace_printf
                0x0000000000003b78                dhex_dump
 .text          0x0000000000003ba0       0x40 /home/yocto/yocto-rfpf-new/yocto-rfpf/build/tmp/sysroots/rfpf-armv7/usr/include/optee/export-user_ta/lib/libutils.a(memchr.o)
                0x0000000000003ba0                memchr
 .text          0x0000000000003be0       0x30 /home/yocto/yocto-rfpf-new/yocto-rfpf/build/tmp/sysroots/rfpf-armv7/usr/include/optee/export-user_ta/lib/libutils.a(arm32_aeabi_ldivmod_a32.o)
                0x0000000000003be0                __aeabi_ldivmod
                0x0000000000003bf8                __aeabi_uldivmod
 .text          0x0000000000003c10      0x18c /home/yocto/yocto-rfpf-new/yocto-rfpf/build/tmp/sysroots/rfpf-armv7/usr/include/optee/export-user_ta/lib/libutils.a(arm32_aeabi_ldivmod.o)
                0x0000000000003c10                __ul_divmod
                0x0000000000003ca4                __l_divmod
 .text          0x0000000000003d9c      0x23c /home/yocto/yocto-rfpf-new/yocto-rfpf/build/tmp/sysroots/rfpf-armv7/usr/include/optee/export-user_ta/lib/libmpa.a(mpa_misc.o)
                0x0000000000003d9c                __mpa_set_unused_digits_to_zero
                0x0000000000003de0                mpa_wipe
                0x0000000000003e18                mpa_copy
                0x0000000000003e60                mpa_abs
                0x0000000000003e98                mpa_highest_bit_index
                0x0000000000003eec                mpa_get_bit
                0x0000000000003f3c                mpa_can_hold
                0x0000000000003f78                mpa_parity
                0x0000000000003fa8                mpa_constant_one
 .text          0x0000000000003fd8      0x344 /home/yocto/yocto-rfpf-new/yocto-rfpf/build/tmp/sysroots/rfpf-armv7/usr/include/optee/export-user_ta/lib/libmpa.a(mpa_montgomery.o)
                0x0000000000003fd8                __mpa_montgomery_mul_add
                0x0000000000004068                __mpa_montgomery_sub_ack
                0x00000000000040ec                __mpa_montgomery_mul
                0x00000000000041cc                mpa_compute_fmm_context
                0x00000000000042b8                mpa_montgomery_mul
 .text          0x000000000000431c      0x288 /home/yocto/yocto-rfpf-new/yocto-rfpf/build/tmp/sysroots/rfpf-armv7/usr/include/optee/export-user_ta/lib/libmpa.a(mpa_primetest.o)
                0x000000000000431c                mpa_is_prob_prime
 .text          0x00000000000045a4      0x114 /home/yocto/yocto-rfpf-new/yocto-rfpf/build/tmp/sysroots/rfpf-armv7/usr/include/optee/export-user_ta/lib/libmpa.a(mpa_conv.o)
                0x00000000000045a4                mpa_set_S32
                0x00000000000045e8                mpa_get_S32
                0x0000000000004650                mpa_set_word
                0x0000000000004684                mpa_get_word
 .text          0x00000000000046b8      0x668 /home/yocto/yocto-rfpf-new/yocto-rfpf/build/tmp/sysroots/rfpf-armv7/usr/include/optee/export-user_ta/lib/libmpa.a(mpa_div.o)
                0x00000000000046b8                __mpa_div_dword
                0x0000000000004740                __mpa_div_q_r_internal_word
                0x0000000000004820                __mpa_div_q_r
                0x0000000000004c6c                mpa_div
 .text          0x0000000000004d20      0x600 /home/yocto/yocto-rfpf-new/yocto-rfpf/build/tmp/sysroots/rfpf-armv7/usr/include/optee/export-user_ta/lib/libmpa.a(mpa_gcd.o)
                0x00000000000050f0                mpa_gcd
                0x00000000000051bc                mpa_extended_gcd
 .text          0x0000000000005320      0x1a4 /home/yocto/yocto-rfpf-new/yocto-rfpf/build/tmp/sysroots/rfpf-armv7/usr/include/optee/export-user_ta/lib/libmpa.a(mpa_mem_static.o)
                0x0000000000005320                mpa_init_scratch_mem_sync
                0x000000000000535c                mpa_init_scratch_mem
                0x0000000000005394                mpa_alloc_static_temp_var_size
                0x0000000000005434                mpa_alloc_static_temp_var
                0x0000000000005468                mpa_free_static_temp_var
 .text          0x00000000000054c4      0x2e8 /home/yocto/yocto-rfpf-new/yocto-rfpf/build/tmp/sysroots/rfpf-armv7/usr/include/optee/export-user_ta/lib/libmpa.a(mpa_mul.o)
                0x00000000000054c4                __mpa_mul_add_word
                0x00000000000054f8                __mpa_mul_add_word_cum
                0x0000000000005534                __mpa_abs_mul_word
                0x00000000000055b4                __mpa_abs_mul
                0x0000000000005670                mpa_mul
                0x000000000000571c                mpa_mul_word
 .text          0x00000000000057ac      0x100 /home/yocto/yocto-rfpf-new/yocto-rfpf/build/tmp/sysroots/rfpf-armv7/usr/include/optee/export-user_ta/lib/libmpa.a(mpa_random.o)
                0x00000000000057ac                mpa_set_random_generator
                0x00000000000057e0                mpa_get_random
 .text          0x00000000000058ac      0x31c /home/yocto/yocto-rfpf-new/yocto-rfpf/build/tmp/sysroots/rfpf-armv7/usr/include/optee/export-user_ta/lib/libmpa.a(mpa_shift.o)
                0x00000000000058ac                __mpa_shift_words_left
                0x000000000000591c                __mpa_shift_words_right
                0x0000000000005990                mpa_shift_left
                0x0000000000005ab8                mpa_shift_right
 .text          0x0000000000005bc8      0x720 /home/yocto/yocto-rfpf-new/yocto-rfpf/build/tmp/sysroots/rfpf-armv7/usr/include/optee/export-user_ta/lib/libmpa.a(mpa_addsub.o)
                0x0000000000005bc8                __mpa_full_adder
                0x0000000000005c0c                __mpa_full_sub
                0x0000000000005c48                __mpa_full_adder_ackum
                0x0000000000005c84                __mpa_abs_add
                0x0000000000005d58                __mpa_abs_add_ackum
                0x0000000000005df4                __mpa_abs_sub
                0x0000000000005eac                mpa_add
                0x0000000000005fc0                mpa_sub
                0x00000000000060f0                mpa_neg
                0x0000000000006124                mpa_add_word
                0x0000000000006204                mpa_sub_word
 .text          0x00000000000062e8      0x1c4 /home/yocto/yocto-rfpf-new/yocto-rfpf/build/tmp/sysroots/rfpf-armv7/usr/include/optee/export-user_ta/lib/libmpa.a(mpa_cmp.o)
                0x00000000000062e8                __mpa_abs_cmp
                0x0000000000006364                __mpa_abs_greater_than
                0x0000000000006398                __mpa_abs_less_than
                0x00000000000063c4                mpa_cmp
                0x0000000000006430                mpa_cmp_short
 .text          0x00000000000064ac      0x114 /home/yocto/yocto-rfpf-new/yocto-rfpf/build/tmp/sysroots/rfpf-armv7/usr/include/optee/export-user_ta/lib/libmpa.a(mpa_expmod.o)
                0x00000000000064ac                mpa_exp_mod
 .text          0x00000000000065c0       0x90 /home/yocto/yocto-rfpf-new/yocto-rfpf/build/tmp/sysroots/rfpf-armv7/usr/include/optee/export-user_ta/lib/libmpa.a(mpa_init.o)
                0x00000000000065c0                mpa_init_static
                0x00000000000065f8                mpa_init_static_fmm_context
 .text          0x0000000000006650      0x598 /home/yocto/yocto-rfpf-new/yocto-rfpf/build/tmp/sysroots/rfpf-armv7/usr/include/optee/export-user_ta/lib/libmpa.a(mpa_io.o)
                0x00000000000067b8                mpa_get_str_size
                0x00000000000067e4                mpa_set_str
                0x00000000000069c8                mpa_get_str
                0x0000000000006a34                mpa_set_oct_str
                0x0000000000006af0                mpa_get_oct_str
 .text          0x0000000000006be8      0x228 /home/yocto/yocto-rfpf-new/yocto-rfpf/build/tmp/sysroots/rfpf-armv7/usr/include/optee/export-user_ta/lib/libmpa.a(mpa_modulus.o)
                0x0000000000006be8                mpa_mod
                0x0000000000006c20                mpa_add_mod
                0x0000000000006c80                mpa_sub_mod
                0x0000000000006ce0                mpa_mul_mod
                0x0000000000006d40                mpa_inv_mod
 .text.__stub   0x0000000000006e10       0x40 linker stubs
 *(SORT(.stub))
 *(SORT(.glue_7))
 .glue_7        0x0000000000006e50        0x0 linker stubs
 *(SORT(.glue_7t))
 .glue_7t       0x0000000000006e50        0x0 linker stubs
 *(SORT(.gnu.linkonce.t.*))
 *(SORT(.vfp11_veneer))
 .vfp11_veneer  0x0000000000006e50        0x0 linker stubs

.v4_bx          0x0000000000006e50        0x0
 .v4_bx         0x0000000000006e50        0x0 linker stubs

.iplt           0x0000000000006e50        0x0
 .iplt          0x0000000000006e50        0x0 ./optee_key_ta.o

.eh_frame
 *(SORT(.eh_frame))

.rodata         0x0000000000006e50     0x16e0
 *(SORT(.gnu.linkonce.r.*))
 *(SORT(.rodata) SORT(.rodata.*))
 .rodata.user_ta_header.c
                0x0000000000006e50       0x20 ./user_ta_header.o
                0x0000000000006e50                ta_num_props
                0x0000000000006e64                ta_heap_size
                0x0000000000006e68                trace_ext_prefix
 .rodata.lib/libmpa/mpa_misc.c
                0x0000000000006e70       0x28 /home/yocto/yocto-rfpf-new/yocto-rfpf/build/tmp/sysroots/rfpf-armv7/usr/include/optee/export-user_ta/lib/libmpa.a(mpa_misc.o)
                0x0000000000006e70                const_one
                0x0000000000006e7c                Const_1_LShift_Base
                0x0000000000006e8c                const_largest_deci_base
 .rodata.lib/libmpa/mpa_primetest.c
                0x0000000000006e98      0xd30 /home/yocto/yocto-rfpf-new/yocto-rfpf/build/tmp/sysroots/rfpf-armv7/usr/include/optee/export-user_ta/lib/libmpa.a(mpa_primetest.o)
                0x0000000000006e98                PRIME_TABLE
                0x0000000000007bc0                NR_STORED_PRIMES
                0x0000000000007bc4                MAX_TABULATED_PRIME
 .rodata.optee_key_ta.c
                0x0000000000007bc8       0x66 ./optee_key_ta.o
 .rodata.str1.1.optee_key_ta.c
                0x0000000000007c2e       0x54 ./optee_key_ta.o
 .rodata.str1.1.user_ta_header.c
                0x0000000000007c82       0xdd ./user_ta_header.o
 .rodata.lib/libutee/arch/arm/user_ta_entry.c
                0x0000000000007d5f        0xd /home/yocto/yocto-rfpf-new/yocto-rfpf/build/tmp/sysroots/rfpf-armv7/usr/include/optee/export-user_ta/lib/libutee.a(user_ta_entry.o)
 .rodata.str1.1.lib/libutee/arch/arm/user_ta_entry.c
                0x0000000000007d6c        0xb /home/yocto/yocto-rfpf-new/yocto-rfpf/build/tmp/sysroots/rfpf-armv7/usr/include/optee/export-user_ta/lib/libutee.a(user_ta_entry.o)
 .rodata.lib/libutee/tee_api_arith.c
                0x0000000000007d77       0x30 /home/yocto/yocto-rfpf-new/yocto-rfpf/build/tmp/sysroots/rfpf-armv7/usr/include/optee/export-user_ta/lib/libutee.a(tee_api_arith.o)
 .rodata.str1.1.lib/libutee/tee_api_arith.c
                0x0000000000007da7       0x5b /home/yocto/yocto-rfpf-new/yocto-rfpf/build/tmp/sysroots/rfpf-armv7/usr/include/optee/export-user_ta/lib/libutee.a(tee_api_arith.o)
                                         0x66 (size before relaxing)
 .rodata.lib/libutee/tee_api.c
                0x0000000000007e02       0xad /home/yocto/yocto-rfpf-new/yocto-rfpf/build/tmp/sysroots/rfpf-armv7/usr/include/optee/export-user_ta/lib/libutee.a(tee_api.o)
 .rodata.str1.1.lib/libutee/tee_api.c
                0x0000000000007eaf        0xb /home/yocto/yocto-rfpf-new/yocto-rfpf/build/tmp/sysroots/rfpf-armv7/usr/include/optee/export-user_ta/lib/libutee.a(tee_api.o)
 .rodata.lib/libutee/tee_user_mem.c
                0x0000000000007eaf       0x6b /home/yocto/yocto-rfpf-new/yocto-rfpf/build/tmp/sysroots/rfpf-armv7/usr/include/optee/export-user_ta/lib/libutee.a(tee_user_mem.o)
 .rodata.str1.1.lib/libutee/tee_user_mem.c
                0x0000000000007f1a       0xe1 /home/yocto/yocto-rfpf-new/yocto-rfpf/build/tmp/sysroots/rfpf-armv7/usr/include/optee/export-user_ta/lib/libutee.a(tee_user_mem.o)
                                         0xe4 (size before relaxing)
 .rodata.lib/libutee/trace_ext.c
                0x0000000000007ffb       0x1b /home/yocto/yocto-rfpf-new/yocto-rfpf/build/tmp/sysroots/rfpf-armv7/usr/include/optee/export-user_ta/lib/libutee.a(trace_ext.o)
 .rodata.str1.1.lib/libutee/trace_ext.c
                0x0000000000008016        0x5 /home/yocto/yocto-rfpf-new/yocto-rfpf/build/tmp/sysroots/rfpf-armv7/usr/include/optee/export-user_ta/lib/libutee.a(trace_ext.o)
 .rodata.lib/libutee/assert.c
                0x000000000000801b        0xc /home/yocto/yocto-rfpf-new/yocto-rfpf/build/tmp/sysroots/rfpf-armv7/usr/include/optee/export-user_ta/lib/libutee.a(assert.o)
 .rodata.str1.1.lib/libutee/assert.c
                0x0000000000008027       0x1f /home/yocto/yocto-rfpf-new/yocto-rfpf/build/tmp/sysroots/rfpf-armv7/usr/include/optee/export-user_ta/lib/libutee.a(assert.o)
 .rodata.str1.1.lib/libutils/isoc/bget_malloc.c
                0x0000000000008046      0x3c3 /home/yocto/yocto-rfpf-new/yocto-rfpf/build/tmp/sysroots/rfpf-armv7/usr/include/optee/export-user_ta/lib/libutils.a(bget_malloc.o)
                                        0x3cc (size before relaxing)
 .rodata.lib/libutils/ext/snprintk.c
                0x0000000000008409       0x22 /home/yocto/yocto-rfpf-new/yocto-rfpf/build/tmp/sysroots/rfpf-armv7/usr/include/optee/export-user_ta/lib/libutils.a(snprintk.o)
 .rodata.str1.1.lib/libutils/ext/snprintk.c
                0x000000000000842b       0x37 /home/yocto/yocto-rfpf-new/yocto-rfpf/build/tmp/sysroots/rfpf-armv7/usr/include/optee/export-user_ta/lib/libutils.a(snprintk.o)
 .rodata.lib/libutils/ext/trace.c
                0x0000000000008462       0x2d /home/yocto/yocto-rfpf-new/yocto-rfpf/build/tmp/sysroots/rfpf-armv7/usr/include/optee/export-user_ta/lib/libutils.a(trace.o)
 .rodata.str1.1.lib/libutils/ext/trace.c
                0x000000000000848f       0x20 /home/yocto/yocto-rfpf-new/yocto-rfpf/build/tmp/sysroots/rfpf-armv7/usr/include/optee/export-user_ta/lib/libutils.a(trace.o)
                                         0x22 (size before relaxing)
 .rodata.str1.1.lib/libmpa/mpa_io.c
                0x00000000000084af       0x81 /home/yocto/yocto-rfpf-new/yocto-rfpf/build/tmp/sysroots/rfpf-armv7/usr/include/optee/export-user_ta/lib/libmpa.a(mpa_io.o)

.gnu.version_d  0x0000000000008530        0x0
 .gnu.version_d
                0x0000000000008530        0x0 ./optee_key_ta.o

.gnu.version    0x0000000000008530        0x0
 .gnu.version   0x0000000000008530        0x0 ./optee_key_ta.o

.gnu.version_r  0x0000000000008530        0x0
 .gnu.version_r
                0x0000000000008530        0x0 ./optee_key_ta.o

.ARM.exidx
 *(SORT(.ARM.exidx*) SORT(.gnu.linkonce.armexidx.*))

.ctors
 *(SORT(.ctors))

.dtors
 *(SORT(.dtors))

.plt            0x0000000000008530        0x0
 *(SORT(.plt))
 .plt           0x0000000000008530        0x0 ./optee_key_ta.o

.got            0x0000000000008530       0x2c
 *(SORT(.got.plt))
 .got.plt       0x0000000000008530        0xc ./optee_key_ta.o
                0x0000000000008530                _GLOBAL_OFFSET_TABLE_
 *(SORT(.got))
 .got           0x000000000000853c       0x20 ./optee_key_ta.o

.rel.text
 *(SORT(.rel.text))
 *(SORT(.rel.gnu.linkonce.t*))

.rela.text
 *(SORT(.rela.text))
 *(SORT(.rela.gnu.linkonce.t*))

.rel.data
 *(SORT(.rel.data))
 *(SORT(.rel.gnu.linkonce.d*))

.rela.data
 *(SORT(.rela.data))
 *(SORT(.rela.gnu.linkonce.d*))

.rel.rodata
 *(SORT(.rel.rodata))
 *(SORT(.rel.gnu.linkonce.r*))

.rela.rodata
 *(SORT(.rela.rodata))
 *(SORT(.rela.gnu.linkonce.r*))

.rel.dyn        0x000000000000855c       0xb8
 *(SORT(.rel.dyn))
 .rel.iplt      0x000000000000855c        0x0 ./optee_key_ta.o
 .rel.ta_head   0x000000000000855c        0x8 ./optee_key_ta.o
 .rel.data.rel.ro.local
                0x0000000000008564       0x90 ./optee_key_ta.o
 .rel.data.rel.local
                0x00000000000085f4       0x20 ./optee_key_ta.o

.rel.got        0x0000000000008614       0x40
 *(SORT(.rel.got))
 .rel.got       0x0000000000008614       0x40 ./optee_key_ta.o

.rela.got
 *(SORT(.rela.got))

.rel.ctors
 *(SORT(.rel.ctors))

.rela.ctors
 *(SORT(.rela.ctors))

.rel.dtors
 *(SORT(.rel.dtors))

.rela.dtors
 *(SORT(.rela.dtors))

.rel.init
 *(SORT(.rel.init))

.rela.init
 *(SORT(.rela.init))

.rel.fini
 *(SORT(.rel.fini))

.rela.fini
 *(SORT(.rela.fini))

.rel.bss
 *(SORT(.rel.bss))

.rela.bss
 *(SORT(.rela.bss))

.rel.plt        0x0000000000008654        0x0
 *(SORT(.rel.plt))
 .rel.plt       0x0000000000008654        0x0 ./optee_key_ta.o

.rela.plt
 *(SORT(.rela.plt))

.dynamic        0x0000000000008654       0x78
 *(SORT(.dynamic))
 .dynamic       0x0000000000008654       0x78 ./optee_key_ta.o
                0x0000000000008654                _DYNAMIC

.dynsym         0x00000000000086cc       0xb0
 *(SORT(.dynsym))
 .dynsym        0x00000000000086cc       0xb0 ./optee_key_ta.o

.dynstr         0x000000000000877c       0x71
 *(SORT(.dynstr))
 .dynstr        0x000000000000877c       0x71 ./optee_key_ta.o

.hash           0x00000000000087f0       0x40
 *(SORT(.hash))
 .hash          0x00000000000087f0       0x40 ./optee_key_ta.o
                0x0000000000009000                . = ALIGN (0x1000)

.data           0x0000000000009000       0x94
 *(SORT(.data) SORT(.data.*) SORT(.gnu.linkonce.d.*))
 .data          0x0000000000009000        0x4 ./user_ta_header.o
                0x0000000000009000                trace_level
 .data.rel.ro.local
                0x0000000000009004       0x6c ./user_ta_header.o
                0x0000000000009004                ta_props
 .data.rel.local
                0x0000000000009070        0x8 /home/yocto/yocto-rfpf-new/yocto-rfpf/build/tmp/sysroots/rfpf-armv7/usr/include/optee/export-user_ta/lib/libutee.a(user_ta_entry.o)
 .data.rel.local
                0x0000000000009078        0x8 /home/yocto/yocto-rfpf-new/yocto-rfpf/build/tmp/sysroots/rfpf-armv7/usr/include/optee/export-user_ta/lib/libutee.a(tee_user_mem.o)
                0x0000000000009078                user_mem_head
 .data.rel.local
                0x0000000000009080       0x10 /home/yocto/yocto-rfpf-new/yocto-rfpf/build/tmp/sysroots/rfpf-armv7/usr/include/optee/export-user_ta/lib/libutils.a(bget_malloc.o)
 .data          0x0000000000009090        0x4 /home/yocto/yocto-rfpf-new/yocto-rfpf/build/tmp/sysroots/rfpf-armv7/usr/include/optee/export-user_ta/lib/libutils.a(stack_check.o)
                0x0000000000009090                __stack_chk_guard
 .data          0x0000000000009094        0x0 ./optee_key_ta.o
 .data          0x0000000000009094        0x0 /home/yocto/yocto-rfpf-new/yocto-rfpf/build/tmp/sysroots/rfpf-armv7/usr/include/optee/export-user_ta/lib/libutee.a(user_ta_entry.o)
 .data          0x0000000000009094        0x0 /home/yocto/yocto-rfpf-new/yocto-rfpf/build/tmp/sysroots/rfpf-armv7/usr/include/optee/export-user_ta/lib/libutee.a(utee_syscalls_a32.o)
 .data          0x0000000000009094        0x0 /home/yocto/yocto-rfpf-new/yocto-rfpf/build/tmp/sysroots/rfpf-armv7/usr/include/optee/export-user_ta/lib/libutee.a(tee_api_arith.o)
 .data          0x0000000000009094        0x0 /home/yocto/yocto-rfpf-new/yocto-rfpf/build/tmp/sysroots/rfpf-armv7/usr/include/optee/export-user_ta/lib/libutee.a(tee_api.o)
 .data          0x0000000000009094        0x0 /home/yocto/yocto-rfpf-new/yocto-rfpf/build/tmp/sysroots/rfpf-armv7/usr/include/optee/export-user_ta/lib/libutee.a(tee_api_panic.o)
 .data          0x0000000000009094        0x0 /home/yocto/yocto-rfpf-new/yocto-rfpf/build/tmp/sysroots/rfpf-armv7/usr/include/optee/export-user_ta/lib/libutee.a(utee_misc.o)
 .data          0x0000000000009094        0x0 /home/yocto/yocto-rfpf-new/yocto-rfpf/build/tmp/sysroots/rfpf-armv7/usr/include/optee/export-user_ta/lib/libutee.a(tee_user_mem.o)
 .data          0x0000000000009094        0x0 /home/yocto/yocto-rfpf-new/yocto-rfpf/build/tmp/sysroots/rfpf-armv7/usr/include/optee/export-user_ta/lib/libutee.a(trace_ext.o)
 .data          0x0000000000009094        0x0 /home/yocto/yocto-rfpf-new/yocto-rfpf/build/tmp/sysroots/rfpf-armv7/usr/include/optee/export-user_ta/lib/libutee.a(assert.o)
 .data          0x0000000000009094        0x0 /home/yocto/yocto-rfpf-new/yocto-rfpf/build/tmp/sysroots/rfpf-armv7/usr/include/optee/export-user_ta/lib/libutils.a(bget_malloc.o)
 .data          0x0000000000009094        0x0 /home/yocto/yocto-rfpf-new/yocto-rfpf/build/tmp/sysroots/rfpf-armv7/usr/include/optee/export-user_ta/lib/libutils.a(snprintf.o)
 .data          0x0000000000009094        0x0 /home/yocto/yocto-rfpf-new/yocto-rfpf/build/tmp/sysroots/rfpf-armv7/usr/include/optee/export-user_ta/lib/libutils.a(memcmp.o)
 .data          0x0000000000009094        0x0 /home/yocto/yocto-rfpf-new/yocto-rfpf/build/tmp/sysroots/rfpf-armv7/usr/include/optee/export-user_ta/lib/libutils.a(memcpy.o)
 .data          0x0000000000009094        0x0 /home/yocto/yocto-rfpf-new/yocto-rfpf/build/tmp/sysroots/rfpf-armv7/usr/include/optee/export-user_ta/lib/libutils.a(memmove.o)
 .data          0x0000000000009094        0x0 /home/yocto/yocto-rfpf-new/yocto-rfpf/build/tmp/sysroots/rfpf-armv7/usr/include/optee/export-user_ta/lib/libutils.a(memset.o)
 .data          0x0000000000009094        0x0 /home/yocto/yocto-rfpf-new/yocto-rfpf/build/tmp/sysroots/rfpf-armv7/usr/include/optee/export-user_ta/lib/libutils.a(strlen.o)
 .data          0x0000000000009094        0x0 /home/yocto/yocto-rfpf-new/yocto-rfpf/build/tmp/sysroots/rfpf-armv7/usr/include/optee/export-user_ta/lib/libutils.a(snprintk.o)
 .data          0x0000000000009094        0x0 /home/yocto/yocto-rfpf-new/yocto-rfpf/build/tmp/sysroots/rfpf-armv7/usr/include/optee/export-user_ta/lib/libutils.a(strlcpy.o)
 .data          0x0000000000009094        0x0 /home/yocto/yocto-rfpf-new/yocto-rfpf/build/tmp/sysroots/rfpf-armv7/usr/include/optee/export-user_ta/lib/libutils.a(trace.o)
 .data          0x0000000000009094        0x0 /home/yocto/yocto-rfpf-new/yocto-rfpf/build/tmp/sysroots/rfpf-armv7/usr/include/optee/export-user_ta/lib/libutils.a(memchr.o)
 .data          0x0000000000009094        0x0 /home/yocto/yocto-rfpf-new/yocto-rfpf/build/tmp/sysroots/rfpf-armv7/usr/include/optee/export-user_ta/lib/libutils.a(arm32_aeabi_ldivmod_a32.o)
 .data          0x0000000000009094        0x0 /home/yocto/yocto-rfpf-new/yocto-rfpf/build/tmp/sysroots/rfpf-armv7/usr/include/optee/export-user_ta/lib/libutils.a(arm32_aeabi_ldivmod.o)
 .data          0x0000000000009094        0x0 /home/yocto/yocto-rfpf-new/yocto-rfpf/build/tmp/sysroots/rfpf-armv7/usr/include/optee/export-user_ta/lib/libmpa.a(mpa_misc.o)
 .data          0x0000000000009094        0x0 /home/yocto/yocto-rfpf-new/yocto-rfpf/build/tmp/sysroots/rfpf-armv7/usr/include/optee/export-user_ta/lib/libmpa.a(mpa_montgomery.o)
 .data          0x0000000000009094        0x0 /home/yocto/yocto-rfpf-new/yocto-rfpf/build/tmp/sysroots/rfpf-armv7/usr/include/optee/export-user_ta/lib/libmpa.a(mpa_primetest.o)
 .data          0x0000000000009094        0x0 /home/yocto/yocto-rfpf-new/yocto-rfpf/build/tmp/sysroots/rfpf-armv7/usr/include/optee/export-user_ta/lib/libmpa.a(mpa_conv.o)
 .data          0x0000000000009094        0x0 /home/yocto/yocto-rfpf-new/yocto-rfpf/build/tmp/sysroots/rfpf-armv7/usr/include/optee/export-user_ta/lib/libmpa.a(mpa_div.o)
 .data          0x0000000000009094        0x0 /home/yocto/yocto-rfpf-new/yocto-rfpf/build/tmp/sysroots/rfpf-armv7/usr/include/optee/export-user_ta/lib/libmpa.a(mpa_gcd.o)
 .data          0x0000000000009094        0x0 /home/yocto/yocto-rfpf-new/yocto-rfpf/build/tmp/sysroots/rfpf-armv7/usr/include/optee/export-user_ta/lib/libmpa.a(mpa_mem_static.o)
 .data          0x0000000000009094        0x0 /home/yocto/yocto-rfpf-new/yocto-rfpf/build/tmp/sysroots/rfpf-armv7/usr/include/optee/export-user_ta/lib/libmpa.a(mpa_mul.o)
 .data          0x0000000000009094        0x0 /home/yocto/yocto-rfpf-new/yocto-rfpf/build/tmp/sysroots/rfpf-armv7/usr/include/optee/export-user_ta/lib/libmpa.a(mpa_random.o)
 .data          0x0000000000009094        0x0 /home/yocto/yocto-rfpf-new/yocto-rfpf/build/tmp/sysroots/rfpf-armv7/usr/include/optee/export-user_ta/lib/libmpa.a(mpa_shift.o)
 .data          0x0000000000009094        0x0 /home/yocto/yocto-rfpf-new/yocto-rfpf/build/tmp/sysroots/rfpf-armv7/usr/include/optee/export-user_ta/lib/libmpa.a(mpa_addsub.o)
 .data          0x0000000000009094        0x0 /home/yocto/yocto-rfpf-new/yocto-rfpf/build/tmp/sysroots/rfpf-armv7/usr/include/optee/export-user_ta/lib/libmpa.a(mpa_cmp.o)
 .data          0x0000000000009094        0x0 /home/yocto/yocto-rfpf-new/yocto-rfpf/build/tmp/sysroots/rfpf-armv7/usr/include/optee/export-user_ta/lib/libmpa.a(mpa_expmod.o)
 .data          0x0000000000009094        0x0 /home/yocto/yocto-rfpf-new/yocto-rfpf/build/tmp/sysroots/rfpf-armv7/usr/include/optee/export-user_ta/lib/libmpa.a(mpa_init.o)
 .data          0x0000000000009094        0x0 /home/yocto/yocto-rfpf-new/yocto-rfpf/build/tmp/sysroots/rfpf-armv7/usr/include/optee/export-user_ta/lib/libmpa.a(mpa_io.o)
 .data          0x0000000000009094        0x0 /home/yocto/yocto-rfpf-new/yocto-rfpf/build/tmp/sysroots/rfpf-armv7/usr/include/optee/export-user_ta/lib/libmpa.a(mpa_modulus.o)

.igot.plt       0x0000000000009094        0x0
 .igot.plt      0x0000000000009094        0x0 ./optee_key_ta.o

.bss            0x0000000000009094     0xab5a
 *(SORT(.bss) SORT(.bss.*) SORT(.gnu.linkonce.b.*) SORT(COMMON))
 .bss           0x0000000000009094       0x2c /home/yocto/yocto-rfpf-new/yocto-rfpf/build/tmp/sysroots/rfpf-armv7/usr/include/optee/export-user_ta/lib/libutee.a(user_ta_entry.o)
                0x000000000000909c                ta_param_types
                0x00000000000090a0                ta_params
 .bss           0x00000000000090c0     0x1b00 /home/yocto/yocto-rfpf-new/yocto-rfpf/build/tmp/sysroots/rfpf-armv7/usr/include/optee/export-user_ta/lib/libutee.a(tee_api_arith.o)
 .bss           0x000000000000abc0        0x4 /home/yocto/yocto-rfpf-new/yocto-rfpf/build/tmp/sysroots/rfpf-armv7/usr/include/optee/export-user_ta/lib/libutee.a(tee_api.o)
 .bss           0x000000000000abc4        0xc /home/yocto/yocto-rfpf-new/yocto-rfpf/build/tmp/sysroots/rfpf-armv7/usr/include/optee/export-user_ta/lib/libutee.a(tee_user_mem.o)
 .bss           0x000000000000abd0       0x18 /home/yocto/yocto-rfpf-new/yocto-rfpf/build/tmp/sysroots/rfpf-armv7/usr/include/optee/export-user_ta/lib/libutils.a(bget_malloc.o)
 .bss           0x000000000000abe8        0x4 /home/yocto/yocto-rfpf-new/yocto-rfpf/build/tmp/sysroots/rfpf-armv7/usr/include/optee/export-user_ta/lib/libmpa.a(mpa_random.o)
 .bss           0x000000000000abec        0x0 ./optee_key_ta.o
 .bss           0x000000000000abec     0x8000 ./user_ta_header.o
                0x000000000000abec                ta_heap
 .bss           0x0000000000012bec        0x0 /home/yocto/yocto-rfpf-new/yocto-rfpf/build/tmp/sysroots/rfpf-armv7/usr/include/optee/export-user_ta/lib/libutee.a(utee_syscalls_a32.o)
 .bss           0x0000000000012bec        0x0 /home/yocto/yocto-rfpf-new/yocto-rfpf/build/tmp/sysroots/rfpf-armv7/usr/include/optee/export-user_ta/lib/libutee.a(tee_api_panic.o)
 .bss           0x0000000000012bec        0x0 /home/yocto/yocto-rfpf-new/yocto-rfpf/build/tmp/sysroots/rfpf-armv7/usr/include/optee/export-user_ta/lib/libutee.a(utee_misc.o)
 .bss           0x0000000000012bec        0x0 /home/yocto/yocto-rfpf-new/yocto-rfpf/build/tmp/sysroots/rfpf-armv7/usr/include/optee/export-user_ta/lib/libutee.a(trace_ext.o)
 .bss           0x0000000000012bec        0x0 /home/yocto/yocto-rfpf-new/yocto-rfpf/build/tmp/sysroots/rfpf-armv7/usr/include/optee/export-user_ta/lib/libutee.a(assert.o)
 .bss           0x0000000000012bec        0x0 /home/yocto/yocto-rfpf-new/yocto-rfpf/build/tmp/sysroots/rfpf-armv7/usr/include/optee/export-user_ta/lib/libutils.a(snprintf.o)
 .bss           0x0000000000012bec        0x0 /home/yocto/yocto-rfpf-new/yocto-rfpf/build/tmp/sysroots/rfpf-armv7/usr/include/optee/export-user_ta/lib/libutils.a(stack_check.o)
 .bss           0x0000000000012bec        0x0 /home/yocto/yocto-rfpf-new/yocto-rfpf/build/tmp/sysroots/rfpf-armv7/usr/include/optee/export-user_ta/lib/libutils.a(memcmp.o)
 .bss           0x0000000000012bec        0x0 /home/yocto/yocto-rfpf-new/yocto-rfpf/build/tmp/sysroots/rfpf-armv7/usr/include/optee/export-user_ta/lib/libutils.a(memcpy.o)
 .bss           0x0000000000012bec        0x0 /home/yocto/yocto-rfpf-new/yocto-rfpf/build/tmp/sysroots/rfpf-armv7/usr/include/optee/export-user_ta/lib/libutils.a(memmove.o)
 .bss           0x0000000000012bec        0x0 /home/yocto/yocto-rfpf-new/yocto-rfpf/build/tmp/sysroots/rfpf-armv7/usr/include/optee/export-user_ta/lib/libutils.a(memset.o)
 .bss           0x0000000000012bec        0x0 /home/yocto/yocto-rfpf-new/yocto-rfpf/build/tmp/sysroots/rfpf-armv7/usr/include/optee/export-user_ta/lib/libutils.a(strlen.o)
 .bss           0x0000000000012bec        0x0 /home/yocto/yocto-rfpf-new/yocto-rfpf/build/tmp/sysroots/rfpf-armv7/usr/include/optee/export-user_ta/lib/libutils.a(snprintk.o)
 .bss           0x0000000000012bec        0x0 /home/yocto/yocto-rfpf-new/yocto-rfpf/build/tmp/sysroots/rfpf-armv7/usr/include/optee/export-user_ta/lib/libutils.a(strlcpy.o)
 .bss           0x0000000000012bec        0x0 /home/yocto/yocto-rfpf-new/yocto-rfpf/build/tmp/sysroots/rfpf-armv7/usr/include/optee/export-user_ta/lib/libutils.a(trace.o)
 .bss           0x0000000000012bec        0x0 /home/yocto/yocto-rfpf-new/yocto-rfpf/build/tmp/sysroots/rfpf-armv7/usr/include/optee/export-user_ta/lib/libutils.a(memchr.o)
 .bss           0x0000000000012bec        0x0 /home/yocto/yocto-rfpf-new/yocto-rfpf/build/tmp/sysroots/rfpf-armv7/usr/include/optee/export-user_ta/lib/libutils.a(arm32_aeabi_ldivmod_a32.o)
 .bss           0x0000000000012bec        0x0 /home/yocto/yocto-rfpf-new/yocto-rfpf/build/tmp/sysroots/rfpf-armv7/usr/include/optee/export-user_ta/lib/libutils.a(arm32_aeabi_ldivmod.o)
 .bss           0x0000000000012bec        0x0 /home/yocto/yocto-rfpf-new/yocto-rfpf/build/tmp/sysroots/rfpf-armv7/usr/include/optee/export-user_ta/lib/libmpa.a(mpa_misc.o)
 .bss           0x0000000000012bec        0x0 /home/yocto/yocto-rfpf-new/yocto-rfpf/build/tmp/sysroots/rfpf-armv7/usr/include/optee/export-user_ta/lib/libmpa.a(mpa_montgomery.o)
 .bss           0x0000000000012bec        0x0 /home/yocto/yocto-rfpf-new/yocto-rfpf/build/tmp/sysroots/rfpf-armv7/usr/include/optee/export-user_ta/lib/libmpa.a(mpa_primetest.o)
 .bss           0x0000000000012bec        0x0 /home/yocto/yocto-rfpf-new/yocto-rfpf/build/tmp/sysroots/rfpf-armv7/usr/include/optee/export-user_ta/lib/libmpa.a(mpa_conv.o)
 .bss           0x0000000000012bec        0x0 /home/yocto/yocto-rfpf-new/yocto-rfpf/build/tmp/sysroots/rfpf-armv7/usr/include/optee/export-user_ta/lib/libmpa.a(mpa_div.o)
 .bss           0x0000000000012bec        0x0 /home/yocto/yocto-rfpf-new/yocto-rfpf/build/tmp/sysroots/rfpf-armv7/usr/include/optee/export-user_ta/lib/libmpa.a(mpa_gcd.o)
 .bss           0x0000000000012bec        0x0 /home/yocto/yocto-rfpf-new/yocto-rfpf/build/tmp/sysroots/rfpf-armv7/usr/include/optee/export-user_ta/lib/libmpa.a(mpa_mem_static.o)
 .bss           0x0000000000012bec        0x0 /home/yocto/yocto-rfpf-new/yocto-rfpf/build/tmp/sysroots/rfpf-armv7/usr/include/optee/export-user_ta/lib/libmpa.a(mpa_mul.o)
 .bss           0x0000000000012bec        0x0 /home/yocto/yocto-rfpf-new/yocto-rfpf/build/tmp/sysroots/rfpf-armv7/usr/include/optee/export-user_ta/lib/libmpa.a(mpa_shift.o)
 .bss           0x0000000000012bec        0x0 /home/yocto/yocto-rfpf-new/yocto-rfpf/build/tmp/sysroots/rfpf-armv7/usr/include/optee/export-user_ta/lib/libmpa.a(mpa_addsub.o)
 .bss           0x0000000000012bec        0x0 /home/yocto/yocto-rfpf-new/yocto-rfpf/build/tmp/sysroots/rfpf-armv7/usr/include/optee/export-user_ta/lib/libmpa.a(mpa_cmp.o)
 .bss           0x0000000000012bec        0x0 /home/yocto/yocto-rfpf-new/yocto-rfpf/build/tmp/sysroots/rfpf-armv7/usr/include/optee/export-user_ta/lib/libmpa.a(mpa_expmod.o)
 .bss           0x0000000000012bec        0x0 /home/yocto/yocto-rfpf-new/yocto-rfpf/build/tmp/sysroots/rfpf-armv7/usr/include/optee/export-user_ta/lib/libmpa.a(mpa_init.o)
 .bss           0x0000000000012bec     0x1002 /home/yocto/yocto-rfpf-new/yocto-rfpf/build/tmp/sysroots/rfpf-armv7/usr/include/optee/export-user_ta/lib/libmpa.a(mpa_io.o)
 .bss           0x0000000000013bee        0x0 /home/yocto/yocto-rfpf-new/yocto-rfpf/build/tmp/sysroots/rfpf-armv7/usr/include/optee/export-user_ta/lib/libmpa.a(mpa_modulus.o)

.dynbss         0x0000000000013bee        0x0
 .dynbss        0x0000000000013bee        0x0 ./optee_key_ta.o

/DISCARD/
 *(SORT(.interp))
LOAD ./optee_key_ta.o
LOAD ./user_ta_header.o
LOAD /home/yocto/yocto-rfpf-new/yocto-rfpf/build/tmp/sysroots/rfpf-armv7/usr/include/optee/export-user_ta/lib/libutee.a
LOAD /home/yocto/yocto-rfpf-new/yocto-rfpf/build/tmp/sysroots/rfpf-armv7/usr/include/optee/export-user_ta/lib/libpng.a
LOAD /home/yocto/yocto-rfpf-new/yocto-rfpf/build/tmp/sysroots/rfpf-armv7/usr/include/optee/export-user_ta/lib/libzlib.a
LOAD /home/yocto/yocto-rfpf-new/yocto-rfpf/build/tmp/sysroots/rfpf-armv7/usr/include/optee/export-user_ta/lib/libutils.a
LOAD /home/yocto/yocto-rfpf-new/yocto-rfpf/build/tmp/sysroots/rfpf-armv7/usr/include/optee/export-user_ta/lib/libmpa.a
LOAD /home/yocto/yocto-rfpf-new/yocto-rfpf/build/tmp/sysroots/rfpf-armv7/usr/include/optee/export-user_ta/lib/libutee.a
LOAD /home/yocto/yocto-rfpf-new/yocto-rfpf/build/tmp/sysroots/rfpf-armv7/usr/include/optee/export-user_ta/lib/libutils.a
OUTPUT(8aaaf200-2450-11e4-abe2-0002a5d5c51b.elf elf32-littlearm)

.debug_info     0x0000000000000000     0xe4f3
 .debug_info    0x0000000000000000      0x45a ./optee_key_ta.o
 .debug_info    0x000000000000045a      0x2f3 ./user_ta_header.o
 .debug_info    0x000000000000074d      0x907 /home/yocto/yocto-rfpf-new/yocto-rfpf/build/tmp/sysroots/rfpf-armv7/usr/include/optee/export-user_ta/lib/libutee.a(user_ta_entry.o)
 .debug_info    0x0000000000001054     0x1b48 /home/yocto/yocto-rfpf-new/yocto-rfpf/build/tmp/sysroots/rfpf-armv7/usr/include/optee/export-user_ta/lib/libutee.a(tee_api_arith.o)
 .debug_info    0x0000000000002b9c     0x10a8 /home/yocto/yocto-rfpf-new/yocto-rfpf/build/tmp/sysroots/rfpf-armv7/usr/include/optee/export-user_ta/lib/libutee.a(tee_api.o)
 .debug_info    0x0000000000003c44      0x116 /home/yocto/yocto-rfpf-new/yocto-rfpf/build/tmp/sysroots/rfpf-armv7/usr/include/optee/export-user_ta/lib/libutee.a(tee_api_panic.o)
 .debug_info    0x0000000000003d5a      0x262 /home/yocto/yocto-rfpf-new/yocto-rfpf/build/tmp/sysroots/rfpf-armv7/usr/include/optee/export-user_ta/lib/libutee.a(utee_misc.o)
 .debug_info    0x0000000000003fbc      0xb28 /home/yocto/yocto-rfpf-new/yocto-rfpf/build/tmp/sysroots/rfpf-armv7/usr/include/optee/export-user_ta/lib/libutee.a(tee_user_mem.o)
 .debug_info    0x0000000000004ae4      0x326 /home/yocto/yocto-rfpf-new/yocto-rfpf/build/tmp/sysroots/rfpf-armv7/usr/include/optee/export-user_ta/lib/libutee.a(trace_ext.o)
 .debug_info    0x0000000000004e0a      0x17d /home/yocto/yocto-rfpf-new/yocto-rfpf/build/tmp/sysroots/rfpf-armv7/usr/include/optee/export-user_ta/lib/libutee.a(assert.o)
 .debug_info    0x0000000000004f87     0x1534 /home/yocto/yocto-rfpf-new/yocto-rfpf/build/tmp/sysroots/rfpf-armv7/usr/include/optee/export-user_ta/lib/libutils.a(bget_malloc.o)
 .debug_info    0x00000000000064bb      0x1c0 /home/yocto/yocto-rfpf-new/yocto-rfpf/build/tmp/sysroots/rfpf-armv7/usr/include/optee/export-user_ta/lib/libutils.a(snprintf.o)
 .debug_info    0x000000000000667b       0x4e /home/yocto/yocto-rfpf-new/yocto-rfpf/build/tmp/sysroots/rfpf-armv7/usr/include/optee/export-user_ta/lib/libutils.a(stack_check.o)
 .debug_info    0x00000000000066c9       0xc8 /home/yocto/yocto-rfpf-new/yocto-rfpf/build/tmp/sysroots/rfpf-armv7/usr/include/optee/export-user_ta/lib/libutils.a(memcmp.o)
 .debug_info    0x0000000000006791       0xdf /home/yocto/yocto-rfpf-new/yocto-rfpf/build/tmp/sysroots/rfpf-armv7/usr/include/optee/export-user_ta/lib/libutils.a(memcpy.o)
 .debug_info    0x0000000000006870       0xdb /home/yocto/yocto-rfpf-new/yocto-rfpf/build/tmp/sysroots/rfpf-armv7/usr/include/optee/export-user_ta/lib/libutils.a(memmove.o)
 .debug_info    0x000000000000694b       0xb2 /home/yocto/yocto-rfpf-new/yocto-rfpf/build/tmp/sysroots/rfpf-armv7/usr/include/optee/export-user_ta/lib/libutils.a(memset.o)
 .debug_info    0x00000000000069fd       0x9f /home/yocto/yocto-rfpf-new/yocto-rfpf/build/tmp/sysroots/rfpf-armv7/usr/include/optee/export-user_ta/lib/libutils.a(strlen.o)
 .debug_info    0x0000000000006a9c      0x6dc /home/yocto/yocto-rfpf-new/yocto-rfpf/build/tmp/sysroots/rfpf-armv7/usr/include/optee/export-user_ta/lib/libutils.a(snprintk.o)
 .debug_info    0x0000000000007178      0x113 /home/yocto/yocto-rfpf-new/yocto-rfpf/build/tmp/sysroots/rfpf-armv7/usr/include/optee/export-user_ta/lib/libutils.a(strlcpy.o)
 .debug_info    0x000000000000728b      0x476 /home/yocto/yocto-rfpf-new/yocto-rfpf/build/tmp/sysroots/rfpf-armv7/usr/include/optee/export-user_ta/lib/libutils.a(trace.o)
 .debug_info    0x0000000000007701       0xd1 /home/yocto/yocto-rfpf-new/yocto-rfpf/build/tmp/sysroots/rfpf-armv7/usr/include/optee/export-user_ta/lib/libutils.a(memchr.o)
 .debug_info    0x00000000000077d2      0x30a /home/yocto/yocto-rfpf-new/yocto-rfpf/build/tmp/sysroots/rfpf-armv7/usr/include/optee/export-user_ta/lib/libutils.a(arm32_aeabi_ldivmod.o)
 .debug_info    0x0000000000007adc      0x3db /home/yocto/yocto-rfpf-new/yocto-rfpf/build/tmp/sysroots/rfpf-armv7/usr/include/optee/export-user_ta/lib/libmpa.a(mpa_misc.o)
 .debug_info    0x0000000000007eb7      0x840 /home/yocto/yocto-rfpf-new/yocto-rfpf/build/tmp/sysroots/rfpf-armv7/usr/include/optee/export-user_ta/lib/libmpa.a(mpa_montgomery.o)
 .debug_info    0x00000000000086f7      0x992 /home/yocto/yocto-rfpf-new/yocto-rfpf/build/tmp/sysroots/rfpf-armv7/usr/include/optee/export-user_ta/lib/libmpa.a(mpa_primetest.o)
 .debug_info    0x0000000000009089      0x204 /home/yocto/yocto-rfpf-new/yocto-rfpf/build/tmp/sysroots/rfpf-armv7/usr/include/optee/export-user_ta/lib/libmpa.a(mpa_conv.o)
 .debug_info    0x000000000000928d      0xb11 /home/yocto/yocto-rfpf-new/yocto-rfpf/build/tmp/sysroots/rfpf-armv7/usr/include/optee/export-user_ta/lib/libmpa.a(mpa_div.o)
 .debug_info    0x0000000000009d9e      0xd8a /home/yocto/yocto-rfpf-new/yocto-rfpf/build/tmp/sysroots/rfpf-armv7/usr/include/optee/export-user_ta/lib/libmpa.a(mpa_gcd.o)
 .debug_info    0x000000000000ab28      0x4d7 /home/yocto/yocto-rfpf-new/yocto-rfpf/build/tmp/sysroots/rfpf-armv7/usr/include/optee/export-user_ta/lib/libmpa.a(mpa_mem_static.o)
 .debug_info    0x000000000000afff      0x6c8 /home/yocto/yocto-rfpf-new/yocto-rfpf/build/tmp/sysroots/rfpf-armv7/usr/include/optee/export-user_ta/lib/libmpa.a(mpa_mul.o)
 .debug_info    0x000000000000b6c7      0x2ea /home/yocto/yocto-rfpf-new/yocto-rfpf/build/tmp/sysroots/rfpf-armv7/usr/include/optee/export-user_ta/lib/libmpa.a(mpa_random.o)
 .debug_info    0x000000000000b9b1      0x3ab /home/yocto/yocto-rfpf-new/yocto-rfpf/build/tmp/sysroots/rfpf-armv7/usr/include/optee/export-user_ta/lib/libmpa.a(mpa_shift.o)
 .debug_info    0x000000000000bd5c      0xca5 /home/yocto/yocto-rfpf-new/yocto-rfpf/build/tmp/sysroots/rfpf-armv7/usr/include/optee/export-user_ta/lib/libmpa.a(mpa_addsub.o)
 .debug_info    0x000000000000ca01      0x30c /home/yocto/yocto-rfpf-new/yocto-rfpf/build/tmp/sysroots/rfpf-armv7/usr/include/optee/export-user_ta/lib/libmpa.a(mpa_cmp.o)
 .debug_info    0x000000000000cd0d      0x4b1 /home/yocto/yocto-rfpf-new/yocto-rfpf/build/tmp/sysroots/rfpf-armv7/usr/include/optee/export-user_ta/lib/libmpa.a(mpa_expmod.o)
 .debug_info    0x000000000000d1be      0x220 /home/yocto/yocto-rfpf-new/yocto-rfpf/build/tmp/sysroots/rfpf-armv7/usr/include/optee/export-user_ta/lib/libmpa.a(mpa_init.o)
 .debug_info    0x000000000000d3de      0x9c1 /home/yocto/yocto-rfpf-new/yocto-rfpf/build/tmp/sysroots/rfpf-armv7/usr/include/optee/export-user_ta/lib/libmpa.a(mpa_io.o)
 .debug_info    0x000000000000dd9f      0x754 /home/yocto/yocto-rfpf-new/yocto-rfpf/build/tmp/sysroots/rfpf-armv7/usr/include/optee/export-user_ta/lib/libmpa.a(mpa_modulus.o)

.debug_abbrev   0x0000000000000000     0x3dec
 .debug_abbrev  0x0000000000000000      0x1c5 ./optee_key_ta.o
 .debug_abbrev  0x00000000000001c5      0x11f ./user_ta_header.o
 .debug_abbrev  0x00000000000002e4      0x2a0 /home/yocto/yocto-rfpf-new/yocto-rfpf/build/tmp/sysroots/rfpf-armv7/usr/include/optee/export-user_ta/lib/libutee.a(user_ta_entry.o)
 .debug_abbrev  0x0000000000000584      0x328 /home/yocto/yocto-rfpf-new/yocto-rfpf/build/tmp/sysroots/rfpf-armv7/usr/include/optee/export-user_ta/lib/libutee.a(tee_api_arith.o)
 .debug_abbrev  0x00000000000008ac      0x299 /home/yocto/yocto-rfpf-new/yocto-rfpf/build/tmp/sysroots/rfpf-armv7/usr/include/optee/export-user_ta/lib/libutee.a(tee_api.o)
 .debug_abbrev  0x0000000000000b45       0xaf /home/yocto/yocto-rfpf-new/yocto-rfpf/build/tmp/sysroots/rfpf-armv7/usr/include/optee/export-user_ta/lib/libutee.a(tee_api_panic.o)
 .debug_abbrev  0x0000000000000bf4       0xe6 /home/yocto/yocto-rfpf-new/yocto-rfpf/build/tmp/sysroots/rfpf-armv7/usr/include/optee/export-user_ta/lib/libutee.a(utee_misc.o)
 .debug_abbrev  0x0000000000000cda      0x331 /home/yocto/yocto-rfpf-new/yocto-rfpf/build/tmp/sysroots/rfpf-armv7/usr/include/optee/export-user_ta/lib/libutee.a(tee_user_mem.o)
 .debug_abbrev  0x000000000000100b      0x155 /home/yocto/yocto-rfpf-new/yocto-rfpf/build/tmp/sysroots/rfpf-armv7/usr/include/optee/export-user_ta/lib/libutee.a(trace_ext.o)
 .debug_abbrev  0x0000000000001160       0xef /home/yocto/yocto-rfpf-new/yocto-rfpf/build/tmp/sysroots/rfpf-armv7/usr/include/optee/export-user_ta/lib/libutee.a(assert.o)
 .debug_abbrev  0x000000000000124f      0x38f /home/yocto/yocto-rfpf-new/yocto-rfpf/build/tmp/sysroots/rfpf-armv7/usr/include/optee/export-user_ta/lib/libutils.a(bget_malloc.o)
 .debug_abbrev  0x00000000000015de      0x11b /home/yocto/yocto-rfpf-new/yocto-rfpf/build/tmp/sysroots/rfpf-armv7/usr/include/optee/export-user_ta/lib/libutils.a(snprintf.o)
 .debug_abbrev  0x00000000000016f9       0x4a /home/yocto/yocto-rfpf-new/yocto-rfpf/build/tmp/sysroots/rfpf-armv7/usr/include/optee/export-user_ta/lib/libutils.a(stack_check.o)
 .debug_abbrev  0x0000000000001743       0x9a /home/yocto/yocto-rfpf-new/yocto-rfpf/build/tmp/sysroots/rfpf-armv7/usr/include/optee/export-user_ta/lib/libutils.a(memcmp.o)
 .debug_abbrev  0x00000000000017dd       0xb0 /home/yocto/yocto-rfpf-new/yocto-rfpf/build/tmp/sysroots/rfpf-armv7/usr/include/optee/export-user_ta/lib/libutils.a(memcpy.o)
 .debug_abbrev  0x000000000000188d       0xa8 /home/yocto/yocto-rfpf-new/yocto-rfpf/build/tmp/sysroots/rfpf-armv7/usr/include/optee/export-user_ta/lib/libutils.a(memmove.o)
 .debug_abbrev  0x0000000000001935       0x9c /home/yocto/yocto-rfpf-new/yocto-rfpf/build/tmp/sysroots/rfpf-armv7/usr/include/optee/export-user_ta/lib/libutils.a(memset.o)
 .debug_abbrev  0x00000000000019d1       0x9c /home/yocto/yocto-rfpf-new/yocto-rfpf/build/tmp/sysroots/rfpf-armv7/usr/include/optee/export-user_ta/lib/libutils.a(strlen.o)
 .debug_abbrev  0x0000000000001a6d      0x29c /home/yocto/yocto-rfpf-new/yocto-rfpf/build/tmp/sysroots/rfpf-armv7/usr/include/optee/export-user_ta/lib/libutils.a(snprintk.o)
 .debug_abbrev  0x0000000000001d09       0x9c /home/yocto/yocto-rfpf-new/yocto-rfpf/build/tmp/sysroots/rfpf-armv7/usr/include/optee/export-user_ta/lib/libutils.a(strlcpy.o)
 .debug_abbrev  0x0000000000001da5      0x1d3 /home/yocto/yocto-rfpf-new/yocto-rfpf/build/tmp/sysroots/rfpf-armv7/usr/include/optee/export-user_ta/lib/libutils.a(trace.o)
 .debug_abbrev  0x0000000000001f78       0xb7 /home/yocto/yocto-rfpf-new/yocto-rfpf/build/tmp/sysroots/rfpf-armv7/usr/include/optee/export-user_ta/lib/libutils.a(memchr.o)
 .debug_abbrev  0x000000000000202f      0x152 /home/yocto/yocto-rfpf-new/yocto-rfpf/build/tmp/sysroots/rfpf-armv7/usr/include/optee/export-user_ta/lib/libutils.a(arm32_aeabi_ldivmod.o)
 .debug_abbrev  0x0000000000002181      0x13a /home/yocto/yocto-rfpf-new/yocto-rfpf/build/tmp/sysroots/rfpf-armv7/usr/include/optee/export-user_ta/lib/libmpa.a(mpa_misc.o)
 .debug_abbrev  0x00000000000022bb      0x276 /home/yocto/yocto-rfpf-new/yocto-rfpf/build/tmp/sysroots/rfpf-armv7/usr/include/optee/export-user_ta/lib/libmpa.a(mpa_montgomery.o)
 .debug_abbrev  0x0000000000002531      0x22c /home/yocto/yocto-rfpf-new/yocto-rfpf/build/tmp/sysroots/rfpf-armv7/usr/include/optee/export-user_ta/lib/libmpa.a(mpa_primetest.o)
 .debug_abbrev  0x000000000000275d       0xec /home/yocto/yocto-rfpf-new/yocto-rfpf/build/tmp/sysroots/rfpf-armv7/usr/include/optee/export-user_ta/lib/libmpa.a(mpa_conv.o)
 .debug_abbrev  0x0000000000002849      0x24d /home/yocto/yocto-rfpf-new/yocto-rfpf/build/tmp/sysroots/rfpf-armv7/usr/include/optee/export-user_ta/lib/libmpa.a(mpa_div.o)
 .debug_abbrev  0x0000000000002a96      0x235 /home/yocto/yocto-rfpf-new/yocto-rfpf/build/tmp/sysroots/rfpf-armv7/usr/include/optee/export-user_ta/lib/libmpa.a(mpa_gcd.o)
 .debug_abbrev  0x0000000000002ccb      0x1f5 /home/yocto/yocto-rfpf-new/yocto-rfpf/build/tmp/sysroots/rfpf-armv7/usr/include/optee/export-user_ta/lib/libmpa.a(mpa_mem_static.o)
 .debug_abbrev  0x0000000000002ec0      0x1c8 /home/yocto/yocto-rfpf-new/yocto-rfpf/build/tmp/sysroots/rfpf-armv7/usr/include/optee/export-user_ta/lib/libmpa.a(mpa_mul.o)
 .debug_abbrev  0x0000000000003088      0x1a5 /home/yocto/yocto-rfpf-new/yocto-rfpf/build/tmp/sysroots/rfpf-armv7/usr/include/optee/export-user_ta/lib/libmpa.a(mpa_random.o)
 .debug_abbrev  0x000000000000322d      0x139 /home/yocto/yocto-rfpf-new/yocto-rfpf/build/tmp/sysroots/rfpf-armv7/usr/include/optee/export-user_ta/lib/libmpa.a(mpa_shift.o)
 .debug_abbrev  0x0000000000003366      0x24e /home/yocto/yocto-rfpf-new/yocto-rfpf/build/tmp/sysroots/rfpf-armv7/usr/include/optee/export-user_ta/lib/libmpa.a(mpa_addsub.o)
 .debug_abbrev  0x00000000000035b4       0xf2 /home/yocto/yocto-rfpf-new/yocto-rfpf/build/tmp/sysroots/rfpf-armv7/usr/include/optee/export-user_ta/lib/libmpa.a(mpa_cmp.o)
 .debug_abbrev  0x00000000000036a6      0x185 /home/yocto/yocto-rfpf-new/yocto-rfpf/build/tmp/sysroots/rfpf-armv7/usr/include/optee/export-user_ta/lib/libmpa.a(mpa_expmod.o)
 .debug_abbrev  0x000000000000382b       0xf8 /home/yocto/yocto-rfpf-new/yocto-rfpf/build/tmp/sysroots/rfpf-armv7/usr/include/optee/export-user_ta/lib/libmpa.a(mpa_init.o)
 .debug_abbrev  0x0000000000003923      0x357 /home/yocto/yocto-rfpf-new/yocto-rfpf/build/tmp/sysroots/rfpf-armv7/usr/include/optee/export-user_ta/lib/libmpa.a(mpa_io.o)
 .debug_abbrev  0x0000000000003c7a      0x172 /home/yocto/yocto-rfpf-new/yocto-rfpf/build/tmp/sysroots/rfpf-armv7/usr/include/optee/export-user_ta/lib/libmpa.a(mpa_modulus.o)

.debug_loc      0x0000000000000000     0xce14
 .debug_loc     0x0000000000000000      0x187 ./optee_key_ta.o
 .debug_loc     0x0000000000000187      0x4a4 /home/yocto/yocto-rfpf-new/yocto-rfpf/build/tmp/sysroots/rfpf-armv7/usr/include/optee/export-user_ta/lib/libutee.a(user_ta_entry.o)
 .debug_loc     0x000000000000062b     0x2165 /home/yocto/yocto-rfpf-new/yocto-rfpf/build/tmp/sysroots/rfpf-armv7/usr/include/optee/export-user_ta/lib/libutee.a(tee_api_arith.o)
 .debug_loc     0x0000000000002790      0xb99 /home/yocto/yocto-rfpf-new/yocto-rfpf/build/tmp/sysroots/rfpf-armv7/usr/include/optee/export-user_ta/lib/libutee.a(tee_api.o)
 .debug_loc     0x0000000000003329       0x42 /home/yocto/yocto-rfpf-new/yocto-rfpf/build/tmp/sysroots/rfpf-armv7/usr/include/optee/export-user_ta/lib/libutee.a(tee_api_panic.o)
 .debug_loc     0x000000000000336b      0x1e6 /home/yocto/yocto-rfpf-new/yocto-rfpf/build/tmp/sysroots/rfpf-armv7/usr/include/optee/export-user_ta/lib/libutee.a(utee_misc.o)
 .debug_loc     0x0000000000003551      0x5cc /home/yocto/yocto-rfpf-new/yocto-rfpf/build/tmp/sysroots/rfpf-armv7/usr/include/optee/export-user_ta/lib/libutee.a(tee_user_mem.o)
 .debug_loc     0x0000000000003b1d       0xb8 /home/yocto/yocto-rfpf-new/yocto-rfpf/build/tmp/sysroots/rfpf-armv7/usr/include/optee/export-user_ta/lib/libutee.a(trace_ext.o)
 .debug_loc     0x0000000000003bd5       0x87 /home/yocto/yocto-rfpf-new/yocto-rfpf/build/tmp/sysroots/rfpf-armv7/usr/include/optee/export-user_ta/lib/libutee.a(assert.o)
 .debug_loc     0x0000000000003c5c     0x1d02 /home/yocto/yocto-rfpf-new/yocto-rfpf/build/tmp/sysroots/rfpf-armv7/usr/include/optee/export-user_ta/lib/libutils.a(bget_malloc.o)
 .debug_loc     0x000000000000595e       0xd6 /home/yocto/yocto-rfpf-new/yocto-rfpf/build/tmp/sysroots/rfpf-armv7/usr/include/optee/export-user_ta/lib/libutils.a(snprintf.o)
 .debug_loc     0x0000000000005a34      0x131 /home/yocto/yocto-rfpf-new/yocto-rfpf/build/tmp/sysroots/rfpf-armv7/usr/include/optee/export-user_ta/lib/libutils.a(memcmp.o)
 .debug_loc     0x0000000000005b65      0x10d /home/yocto/yocto-rfpf-new/yocto-rfpf/build/tmp/sysroots/rfpf-armv7/usr/include/optee/export-user_ta/lib/libutils.a(memcpy.o)
 .debug_loc     0x0000000000005c72       0xf4 /home/yocto/yocto-rfpf-new/yocto-rfpf/build/tmp/sysroots/rfpf-armv7/usr/include/optee/export-user_ta/lib/libutils.a(memmove.o)
 .debug_loc     0x0000000000005d66       0xaf /home/yocto/yocto-rfpf-new/yocto-rfpf/build/tmp/sysroots/rfpf-armv7/usr/include/optee/export-user_ta/lib/libutils.a(memset.o)
 .debug_loc     0x0000000000005e15       0x64 /home/yocto/yocto-rfpf-new/yocto-rfpf/build/tmp/sysroots/rfpf-armv7/usr/include/optee/export-user_ta/lib/libutils.a(strlen.o)
 .debug_loc     0x0000000000005e79      0xe59 /home/yocto/yocto-rfpf-new/yocto-rfpf/build/tmp/sysroots/rfpf-armv7/usr/include/optee/export-user_ta/lib/libutils.a(snprintk.o)
 .debug_loc     0x0000000000006cd2      0x129 /home/yocto/yocto-rfpf-new/yocto-rfpf/build/tmp/sysroots/rfpf-armv7/usr/include/optee/export-user_ta/lib/libutils.a(strlcpy.o)
 .debug_loc     0x0000000000006dfb      0x2b5 /home/yocto/yocto-rfpf-new/yocto-rfpf/build/tmp/sysroots/rfpf-armv7/usr/include/optee/export-user_ta/lib/libutils.a(trace.o)
 .debug_loc     0x00000000000070b0       0xe4 /home/yocto/yocto-rfpf-new/yocto-rfpf/build/tmp/sysroots/rfpf-armv7/usr/include/optee/export-user_ta/lib/libutils.a(memchr.o)
 .debug_loc     0x0000000000007194      0x5be /home/yocto/yocto-rfpf-new/yocto-rfpf/build/tmp/sysroots/rfpf-armv7/usr/include/optee/export-user_ta/lib/libutils.a(arm32_aeabi_ldivmod.o)
 .debug_loc     0x0000000000007752      0x337 /home/yocto/yocto-rfpf-new/yocto-rfpf/build/tmp/sysroots/rfpf-armv7/usr/include/optee/export-user_ta/lib/libmpa.a(mpa_misc.o)
 .debug_loc     0x0000000000007a89      0x735 /home/yocto/yocto-rfpf-new/yocto-rfpf/build/tmp/sysroots/rfpf-armv7/usr/include/optee/export-user_ta/lib/libmpa.a(mpa_montgomery.o)
 .debug_loc     0x00000000000081be      0x370 /home/yocto/yocto-rfpf-new/yocto-rfpf/build/tmp/sysroots/rfpf-armv7/usr/include/optee/export-user_ta/lib/libmpa.a(mpa_primetest.o)
 .debug_loc     0x000000000000852e      0x152 /home/yocto/yocto-rfpf-new/yocto-rfpf/build/tmp/sysroots/rfpf-armv7/usr/include/optee/export-user_ta/lib/libmpa.a(mpa_conv.o)
 .debug_loc     0x0000000000008680      0x84b /home/yocto/yocto-rfpf-new/yocto-rfpf/build/tmp/sysroots/rfpf-armv7/usr/include/optee/export-user_ta/lib/libmpa.a(mpa_div.o)
 .debug_loc     0x0000000000008ecb      0x771 /home/yocto/yocto-rfpf-new/yocto-rfpf/build/tmp/sysroots/rfpf-armv7/usr/include/optee/export-user_ta/lib/libmpa.a(mpa_gcd.o)
 .debug_loc     0x000000000000963c      0x489 /home/yocto/yocto-rfpf-new/yocto-rfpf/build/tmp/sysroots/rfpf-armv7/usr/include/optee/export-user_ta/lib/libmpa.a(mpa_mem_static.o)
 .debug_loc     0x0000000000009ac5      0x6c2 /home/yocto/yocto-rfpf-new/yocto-rfpf/build/tmp/sysroots/rfpf-armv7/usr/include/optee/export-user_ta/lib/libmpa.a(mpa_mul.o)
 .debug_loc     0x000000000000a187      0x11f /home/yocto/yocto-rfpf-new/yocto-rfpf/build/tmp/sysroots/rfpf-armv7/usr/include/optee/export-user_ta/lib/libmpa.a(mpa_random.o)
 .debug_loc     0x000000000000a2a6      0x4a7 /home/yocto/yocto-rfpf-new/yocto-rfpf/build/tmp/sysroots/rfpf-armv7/usr/include/optee/export-user_ta/lib/libmpa.a(mpa_shift.o)
 .debug_loc     0x000000000000a74d     0x10a2 /home/yocto/yocto-rfpf-new/yocto-rfpf/build/tmp/sysroots/rfpf-armv7/usr/include/optee/export-user_ta/lib/libmpa.a(mpa_addsub.o)
 .debug_loc     0x000000000000b7ef      0x319 /home/yocto/yocto-rfpf-new/yocto-rfpf/build/tmp/sysroots/rfpf-armv7/usr/include/optee/export-user_ta/lib/libmpa.a(mpa_cmp.o)
 .debug_loc     0x000000000000bb08      0x1ac /home/yocto/yocto-rfpf-new/yocto-rfpf/build/tmp/sysroots/rfpf-armv7/usr/include/optee/export-user_ta/lib/libmpa.a(mpa_expmod.o)
 .debug_loc     0x000000000000bcb4       0xd6 /home/yocto/yocto-rfpf-new/yocto-rfpf/build/tmp/sysroots/rfpf-armv7/usr/include/optee/export-user_ta/lib/libmpa.a(mpa_init.o)
 .debug_loc     0x000000000000bd8a      0xc80 /home/yocto/yocto-rfpf-new/yocto-rfpf/build/tmp/sysroots/rfpf-armv7/usr/include/optee/export-user_ta/lib/libmpa.a(mpa_io.o)
 .debug_loc     0x000000000000ca0a      0x40a /home/yocto/yocto-rfpf-new/yocto-rfpf/build/tmp/sysroots/rfpf-armv7/usr/include/optee/export-user_ta/lib/libmpa.a(mpa_modulus.o)

.debug_aranges  0x0000000000000000      0x4e8
 .debug_aranges
                0x0000000000000000       0x20 ./optee_key_ta.o
 .debug_aranges
                0x0000000000000020       0x20 ./user_ta_header.o
 .debug_aranges
                0x0000000000000040       0x20 /home/yocto/yocto-rfpf-new/yocto-rfpf/build/tmp/sysroots/rfpf-armv7/usr/include/optee/export-user_ta/lib/libutee.a(user_ta_entry.o)
 .debug_aranges
                0x0000000000000060       0x28 /home/yocto/yocto-rfpf-new/yocto-rfpf/build/tmp/sysroots/rfpf-armv7/usr/include/optee/export-user_ta/lib/libutee.a(tee_api_arith.o)
 .debug_aranges
                0x0000000000000088       0x20 /home/yocto/yocto-rfpf-new/yocto-rfpf/build/tmp/sysroots/rfpf-armv7/usr/include/optee/export-user_ta/lib/libutee.a(tee_api.o)
 .debug_aranges
                0x00000000000000a8       0x20 /home/yocto/yocto-rfpf-new/yocto-rfpf/build/tmp/sysroots/rfpf-armv7/usr/include/optee/export-user_ta/lib/libutee.a(tee_api_panic.o)
 .debug_aranges
                0x00000000000000c8       0x20 /home/yocto/yocto-rfpf-new/yocto-rfpf/build/tmp/sysroots/rfpf-armv7/usr/include/optee/export-user_ta/lib/libutee.a(utee_misc.o)
 .debug_aranges
                0x00000000000000e8       0x20 /home/yocto/yocto-rfpf-new/yocto-rfpf/build/tmp/sysroots/rfpf-armv7/usr/include/optee/export-user_ta/lib/libutee.a(tee_user_mem.o)
 .debug_aranges
                0x0000000000000108       0x20 /home/yocto/yocto-rfpf-new/yocto-rfpf/build/tmp/sysroots/rfpf-armv7/usr/include/optee/export-user_ta/lib/libutee.a(trace_ext.o)
 .debug_aranges
                0x0000000000000128       0x20 /home/yocto/yocto-rfpf-new/yocto-rfpf/build/tmp/sysroots/rfpf-armv7/usr/include/optee/export-user_ta/lib/libutee.a(assert.o)
 .debug_aranges
                0x0000000000000148       0x20 /home/yocto/yocto-rfpf-new/yocto-rfpf/build/tmp/sysroots/rfpf-armv7/usr/include/optee/export-user_ta/lib/libutils.a(bget_malloc.o)
 .debug_aranges
                0x0000000000000168       0x20 /home/yocto/yocto-rfpf-new/yocto-rfpf/build/tmp/sysroots/rfpf-armv7/usr/include/optee/export-user_ta/lib/libutils.a(snprintf.o)
 .debug_aranges
                0x0000000000000188       0x20 /home/yocto/yocto-rfpf-new/yocto-rfpf/build/tmp/sysroots/rfpf-armv7/usr/include/optee/export-user_ta/lib/libutils.a(stack_check.o)
 .debug_aranges
                0x00000000000001a8       0x20 /home/yocto/yocto-rfpf-new/yocto-rfpf/build/tmp/sysroots/rfpf-armv7/usr/include/optee/export-user_ta/lib/libutils.a(memcmp.o)
 .debug_aranges
                0x00000000000001c8       0x20 /home/yocto/yocto-rfpf-new/yocto-rfpf/build/tmp/sysroots/rfpf-armv7/usr/include/optee/export-user_ta/lib/libutils.a(memcpy.o)
 .debug_aranges
                0x00000000000001e8       0x20 /home/yocto/yocto-rfpf-new/yocto-rfpf/build/tmp/sysroots/rfpf-armv7/usr/include/optee/export-user_ta/lib/libutils.a(memmove.o)
 .debug_aranges
                0x0000000000000208       0x20 /home/yocto/yocto-rfpf-new/yocto-rfpf/build/tmp/sysroots/rfpf-armv7/usr/include/optee/export-user_ta/lib/libutils.a(memset.o)
 .debug_aranges
                0x0000000000000228       0x20 /home/yocto/yocto-rfpf-new/yocto-rfpf/build/tmp/sysroots/rfpf-armv7/usr/include/optee/export-user_ta/lib/libutils.a(strlen.o)
 .debug_aranges
                0x0000000000000248       0x20 /home/yocto/yocto-rfpf-new/yocto-rfpf/build/tmp/sysroots/rfpf-armv7/usr/include/optee/export-user_ta/lib/libutils.a(snprintk.o)
 .debug_aranges
                0x0000000000000268       0x20 /home/yocto/yocto-rfpf-new/yocto-rfpf/build/tmp/sysroots/rfpf-armv7/usr/include/optee/export-user_ta/lib/libutils.a(strlcpy.o)
 .debug_aranges
                0x0000000000000288       0x20 /home/yocto/yocto-rfpf-new/yocto-rfpf/build/tmp/sysroots/rfpf-armv7/usr/include/optee/export-user_ta/lib/libutils.a(trace.o)
 .debug_aranges
                0x00000000000002a8       0x20 /home/yocto/yocto-rfpf-new/yocto-rfpf/build/tmp/sysroots/rfpf-armv7/usr/include/optee/export-user_ta/lib/libutils.a(memchr.o)
 .debug_aranges
                0x00000000000002c8       0x20 /home/yocto/yocto-rfpf-new/yocto-rfpf/build/tmp/sysroots/rfpf-armv7/usr/include/optee/export-user_ta/lib/libutils.a(arm32_aeabi_ldivmod.o)
 .debug_aranges
                0x00000000000002e8       0x20 /home/yocto/yocto-rfpf-new/yocto-rfpf/build/tmp/sysroots/rfpf-armv7/usr/include/optee/export-user_ta/lib/libmpa.a(mpa_misc.o)
 .debug_aranges
                0x0000000000000308       0x20 /home/yocto/yocto-rfpf-new/yocto-rfpf/build/tmp/sysroots/rfpf-armv7/usr/include/optee/export-user_ta/lib/libmpa.a(mpa_montgomery.o)
 .debug_aranges
                0x0000000000000328       0x20 /home/yocto/yocto-rfpf-new/yocto-rfpf/build/tmp/sysroots/rfpf-armv7/usr/include/optee/export-user_ta/lib/libmpa.a(mpa_primetest.o)
 .debug_aranges
                0x0000000000000348       0x20 /home/yocto/yocto-rfpf-new/yocto-rfpf/build/tmp/sysroots/rfpf-armv7/usr/include/optee/export-user_ta/lib/libmpa.a(mpa_conv.o)
 .debug_aranges
                0x0000000000000368       0x20 /home/yocto/yocto-rfpf-new/yocto-rfpf/build/tmp/sysroots/rfpf-armv7/usr/include/optee/export-user_ta/lib/libmpa.a(mpa_div.o)
 .debug_aranges
                0x0000000000000388       0x20 /home/yocto/yocto-rfpf-new/yocto-rfpf/build/tmp/sysroots/rfpf-armv7/usr/include/optee/export-user_ta/lib/libmpa.a(mpa_gcd.o)
 .debug_aranges
                0x00000000000003a8       0x20 /home/yocto/yocto-rfpf-new/yocto-rfpf/build/tmp/sysroots/rfpf-armv7/usr/include/optee/export-user_ta/lib/libmpa.a(mpa_mem_static.o)
 .debug_aranges
                0x00000000000003c8       0x20 /home/yocto/yocto-rfpf-new/yocto-rfpf/build/tmp/sysroots/rfpf-armv7/usr/include/optee/export-user_ta/lib/libmpa.a(mpa_mul.o)
 .debug_aranges
                0x00000000000003e8       0x20 /home/yocto/yocto-rfpf-new/yocto-rfpf/build/tmp/sysroots/rfpf-armv7/usr/include/optee/export-user_ta/lib/libmpa.a(mpa_random.o)
 .debug_aranges
                0x0000000000000408       0x20 /home/yocto/yocto-rfpf-new/yocto-rfpf/build/tmp/sysroots/rfpf-armv7/usr/include/optee/export-user_ta/lib/libmpa.a(mpa_shift.o)
 .debug_aranges
                0x0000000000000428       0x20 /home/yocto/yocto-rfpf-new/yocto-rfpf/build/tmp/sysroots/rfpf-armv7/usr/include/optee/export-user_ta/lib/libmpa.a(mpa_addsub.o)
 .debug_aranges
                0x0000000000000448       0x20 /home/yocto/yocto-rfpf-new/yocto-rfpf/build/tmp/sysroots/rfpf-armv7/usr/include/optee/export-user_ta/lib/libmpa.a(mpa_cmp.o)
 .debug_aranges
                0x0000000000000468       0x20 /home/yocto/yocto-rfpf-new/yocto-rfpf/build/tmp/sysroots/rfpf-armv7/usr/include/optee/export-user_ta/lib/libmpa.a(mpa_expmod.o)
 .debug_aranges
                0x0000000000000488       0x20 /home/yocto/yocto-rfpf-new/yocto-rfpf/build/tmp/sysroots/rfpf-armv7/usr/include/optee/export-user_ta/lib/libmpa.a(mpa_init.o)
 .debug_aranges
                0x00000000000004a8       0x20 /home/yocto/yocto-rfpf-new/yocto-rfpf/build/tmp/sysroots/rfpf-armv7/usr/include/optee/export-user_ta/lib/libmpa.a(mpa_io.o)
 .debug_aranges
                0x00000000000004c8       0x20 /home/yocto/yocto-rfpf-new/yocto-rfpf/build/tmp/sysroots/rfpf-armv7/usr/include/optee/export-user_ta/lib/libmpa.a(mpa_modulus.o)

.debug_macro    0x0000000000000000     0x5495
 .debug_macro   0x0000000000000000       0xc5 ./optee_key_ta.o
 .debug_macro   0x00000000000000c5      0x8e0 ./optee_key_ta.o
 .debug_macro   0x00000000000009a5      0x16d ./optee_key_ta.o
 .debug_macro   0x0000000000000b12       0x8e ./optee_key_ta.o
 .debug_macro   0x0000000000000ba0      0x908 ./optee_key_ta.o
 .debug_macro   0x00000000000014a8      0x18b ./optee_key_ta.o
 .debug_macro   0x0000000000001633       0x22 ./optee_key_ta.o
 .debug_macro   0x0000000000001655       0x35 ./optee_key_ta.o
 .debug_macro   0x000000000000168a       0x10 ./optee_key_ta.o
 .debug_macro   0x000000000000169a       0x1c ./optee_key_ta.o
 .debug_macro   0x00000000000016b6       0x34 ./optee_key_ta.o
 .debug_macro   0x00000000000016ea       0x7b ./optee_key_ta.o
 .debug_macro   0x0000000000001765       0x58 ./optee_key_ta.o
 .debug_macro   0x00000000000017bd       0x16 ./optee_key_ta.o
 .debug_macro   0x00000000000017d3       0xd3 ./user_ta_header.o
 .debug_macro   0x00000000000018a6       0x76 ./user_ta_header.o
 .debug_macro   0x000000000000191c       0x22 ./user_ta_header.o
 .debug_macro   0x000000000000193e      0x16b /home/yocto/yocto-rfpf-new/yocto-rfpf/build/tmp/sysroots/rfpf-armv7/usr/include/optee/export-user_ta/lib/libutee.a(user_ta_entry.o)
 .debug_macro   0x0000000000001aa9      0x8da /home/yocto/yocto-rfpf-new/yocto-rfpf/build/tmp/sysroots/rfpf-armv7/usr/include/optee/export-user_ta/lib/libutee.a(user_ta_entry.o)
 .debug_macro   0x0000000000002383      0x1e4 /home/yocto/yocto-rfpf-new/yocto-rfpf/build/tmp/sysroots/rfpf-armv7/usr/include/optee/export-user_ta/lib/libutee.a(user_ta_entry.o)
 .debug_macro   0x0000000000002567       0x10 /home/yocto/yocto-rfpf-new/yocto-rfpf/build/tmp/sysroots/rfpf-armv7/usr/include/optee/export-user_ta/lib/libutee.a(user_ta_entry.o)
 .debug_macro   0x0000000000002577      0x2cd /home/yocto/yocto-rfpf-new/yocto-rfpf/build/tmp/sysroots/rfpf-armv7/usr/include/optee/export-user_ta/lib/libutee.a(user_ta_entry.o)
 .debug_macro   0x0000000000002844       0x7b /home/yocto/yocto-rfpf-new/yocto-rfpf/build/tmp/sysroots/rfpf-armv7/usr/include/optee/export-user_ta/lib/libutee.a(user_ta_entry.o)
 .debug_macro   0x00000000000028bf       0xca /home/yocto/yocto-rfpf-new/yocto-rfpf/build/tmp/sysroots/rfpf-armv7/usr/include/optee/export-user_ta/lib/libutee.a(user_ta_entry.o)
 .debug_macro   0x0000000000002989       0x3a /home/yocto/yocto-rfpf-new/yocto-rfpf/build/tmp/sysroots/rfpf-armv7/usr/include/optee/export-user_ta/lib/libutee.a(user_ta_entry.o)
 .debug_macro   0x00000000000029c3       0x7c /home/yocto/yocto-rfpf-new/yocto-rfpf/build/tmp/sysroots/rfpf-armv7/usr/include/optee/export-user_ta/lib/libutee.a(user_ta_entry.o)
 .debug_macro   0x0000000000002a3f       0x10 /home/yocto/yocto-rfpf-new/yocto-rfpf/build/tmp/sysroots/rfpf-armv7/usr/include/optee/export-user_ta/lib/libutee.a(user_ta_entry.o)
 .debug_macro   0x0000000000002a4f      0x150 /home/yocto/yocto-rfpf-new/yocto-rfpf/build/tmp/sysroots/rfpf-armv7/usr/include/optee/export-user_ta/lib/libutee.a(tee_api_arith.o)
 .debug_macro   0x0000000000002b9f       0x10 /home/yocto/yocto-rfpf-new/yocto-rfpf/build/tmp/sysroots/rfpf-armv7/usr/include/optee/export-user_ta/lib/libutee.a(tee_api_arith.o)
 .debug_macro   0x0000000000002baf       0x4c /home/yocto/yocto-rfpf-new/yocto-rfpf/build/tmp/sysroots/rfpf-armv7/usr/include/optee/export-user_ta/lib/libutee.a(tee_api_arith.o)
 .debug_macro   0x0000000000002bfb       0x16 /home/yocto/yocto-rfpf-new/yocto-rfpf/build/tmp/sysroots/rfpf-armv7/usr/include/optee/export-user_ta/lib/libutee.a(tee_api_arith.o)
 .debug_macro   0x0000000000002c11       0x74 /home/yocto/yocto-rfpf-new/yocto-rfpf/build/tmp/sysroots/rfpf-armv7/usr/include/optee/export-user_ta/lib/libutee.a(tee_api_arith.o)
 .debug_macro   0x0000000000002c85      0x15a /home/yocto/yocto-rfpf-new/yocto-rfpf/build/tmp/sysroots/rfpf-armv7/usr/include/optee/export-user_ta/lib/libutee.a(tee_api.o)
 .debug_macro   0x0000000000002ddf       0xc4 /home/yocto/yocto-rfpf-new/yocto-rfpf/build/tmp/sysroots/rfpf-armv7/usr/include/optee/export-user_ta/lib/libutee.a(tee_api.o)
 .debug_macro   0x0000000000002ea3       0xad /home/yocto/yocto-rfpf-new/yocto-rfpf/build/tmp/sysroots/rfpf-armv7/usr/include/optee/export-user_ta/lib/libutee.a(tee_api_panic.o)
 .debug_macro   0x0000000000002f50       0xf5 /home/yocto/yocto-rfpf-new/yocto-rfpf/build/tmp/sysroots/rfpf-armv7/usr/include/optee/export-user_ta/lib/libutee.a(utee_misc.o)
 .debug_macro   0x0000000000003045      0x148 /home/yocto/yocto-rfpf-new/yocto-rfpf/build/tmp/sysroots/rfpf-armv7/usr/include/optee/export-user_ta/lib/libutee.a(tee_user_mem.o)
 .debug_macro   0x000000000000318d      0x1ac /home/yocto/yocto-rfpf-new/yocto-rfpf/build/tmp/sysroots/rfpf-armv7/usr/include/optee/export-user_ta/lib/libutee.a(tee_user_mem.o)
 .debug_macro   0x0000000000003339       0x16 /home/yocto/yocto-rfpf-new/yocto-rfpf/build/tmp/sysroots/rfpf-armv7/usr/include/optee/export-user_ta/lib/libutee.a(tee_user_mem.o)
 .debug_macro   0x000000000000334f       0x64 /home/yocto/yocto-rfpf-new/yocto-rfpf/build/tmp/sysroots/rfpf-armv7/usr/include/optee/export-user_ta/lib/libutee.a(tee_user_mem.o)
 .debug_macro   0x00000000000033b3       0xde /home/yocto/yocto-rfpf-new/yocto-rfpf/build/tmp/sysroots/rfpf-armv7/usr/include/optee/export-user_ta/lib/libutee.a(trace_ext.o)
 .debug_macro   0x0000000000003491       0x5e /home/yocto/yocto-rfpf-new/yocto-rfpf/build/tmp/sysroots/rfpf-armv7/usr/include/optee/export-user_ta/lib/libutee.a(trace_ext.o)
 .debug_macro   0x00000000000034ef       0xf5 /home/yocto/yocto-rfpf-new/yocto-rfpf/build/tmp/sysroots/rfpf-armv7/usr/include/optee/export-user_ta/lib/libutee.a(assert.o)
 .debug_macro   0x00000000000035e4       0x10 /home/yocto/yocto-rfpf-new/yocto-rfpf/build/tmp/sysroots/rfpf-armv7/usr/include/optee/export-user_ta/lib/libutee.a(assert.o)
 .debug_macro   0x00000000000035f4      0x115 /home/yocto/yocto-rfpf-new/yocto-rfpf/build/tmp/sysroots/rfpf-armv7/usr/include/optee/export-user_ta/lib/libutils.a(bget_malloc.o)
 .debug_macro   0x0000000000003709       0x3c /home/yocto/yocto-rfpf-new/yocto-rfpf/build/tmp/sysroots/rfpf-armv7/usr/include/optee/export-user_ta/lib/libutils.a(bget_malloc.o)
 .debug_macro   0x0000000000003745       0x4d /home/yocto/yocto-rfpf-new/yocto-rfpf/build/tmp/sysroots/rfpf-armv7/usr/include/optee/export-user_ta/lib/libutils.a(snprintf.o)
 .debug_macro   0x0000000000003792       0x1a /home/yocto/yocto-rfpf-new/yocto-rfpf/build/tmp/sysroots/rfpf-armv7/usr/include/optee/export-user_ta/lib/libutils.a(stack_check.o)
 .debug_macro   0x00000000000037ac       0x51 /home/yocto/yocto-rfpf-new/yocto-rfpf/build/tmp/sysroots/rfpf-armv7/usr/include/optee/export-user_ta/lib/libutils.a(memcmp.o)
 .debug_macro   0x00000000000037fd      0x8da /home/yocto/yocto-rfpf-new/yocto-rfpf/build/tmp/sysroots/rfpf-armv7/usr/include/optee/export-user_ta/lib/libutils.a(memcmp.o)
 .debug_macro   0x00000000000040d7       0x7c /home/yocto/yocto-rfpf-new/yocto-rfpf/build/tmp/sysroots/rfpf-armv7/usr/include/optee/export-user_ta/lib/libutils.a(memcmp.o)
 .debug_macro   0x0000000000004153       0x57 /home/yocto/yocto-rfpf-new/yocto-rfpf/build/tmp/sysroots/rfpf-armv7/usr/include/optee/export-user_ta/lib/libutils.a(memcpy.o)
 .debug_macro   0x00000000000041aa       0x64 /home/yocto/yocto-rfpf-new/yocto-rfpf/build/tmp/sysroots/rfpf-armv7/usr/include/optee/export-user_ta/lib/libutils.a(memmove.o)
 .debug_macro   0x000000000000420e       0x51 /home/yocto/yocto-rfpf-new/yocto-rfpf/build/tmp/sysroots/rfpf-armv7/usr/include/optee/export-user_ta/lib/libutils.a(memset.o)
 .debug_macro   0x000000000000425f       0x5a /home/yocto/yocto-rfpf-new/yocto-rfpf/build/tmp/sysroots/rfpf-armv7/usr/include/optee/export-user_ta/lib/libutils.a(strlen.o)
 .debug_macro   0x00000000000042b9      0x127 /home/yocto/yocto-rfpf-new/yocto-rfpf/build/tmp/sysroots/rfpf-armv7/usr/include/optee/export-user_ta/lib/libutils.a(snprintk.o)
 .debug_macro   0x00000000000043e0       0x87 /home/yocto/yocto-rfpf-new/yocto-rfpf/build/tmp/sysroots/rfpf-armv7/usr/include/optee/export-user_ta/lib/libutils.a(strlcpy.o)
 .debug_macro   0x0000000000004467       0xcc /home/yocto/yocto-rfpf-new/yocto-rfpf/build/tmp/sysroots/rfpf-armv7/usr/include/optee/export-user_ta/lib/libutils.a(trace.o)
 .debug_macro   0x0000000000004533       0x66 /home/yocto/yocto-rfpf-new/yocto-rfpf/build/tmp/sysroots/rfpf-armv7/usr/include/optee/export-user_ta/lib/libutils.a(memchr.o)
 .debug_macro   0x0000000000004599       0x1a /home/yocto/yocto-rfpf-new/yocto-rfpf/build/tmp/sysroots/rfpf-armv7/usr/include/optee/export-user_ta/lib/libutils.a(arm32_aeabi_ldivmod.o)
 .debug_macro   0x00000000000045b3       0xdd /home/yocto/yocto-rfpf-new/yocto-rfpf/build/tmp/sysroots/rfpf-armv7/usr/include/optee/export-user_ta/lib/libmpa.a(mpa_misc.o)
 .debug_macro   0x0000000000004690       0xa6 /home/yocto/yocto-rfpf-new/yocto-rfpf/build/tmp/sysroots/rfpf-armv7/usr/include/optee/export-user_ta/lib/libmpa.a(mpa_misc.o)
 .debug_macro   0x0000000000004736       0xdd /home/yocto/yocto-rfpf-new/yocto-rfpf/build/tmp/sysroots/rfpf-armv7/usr/include/optee/export-user_ta/lib/libmpa.a(mpa_montgomery.o)
 .debug_macro   0x0000000000004813       0xff /home/yocto/yocto-rfpf-new/yocto-rfpf/build/tmp/sysroots/rfpf-armv7/usr/include/optee/export-user_ta/lib/libmpa.a(mpa_primetest.o)
 .debug_macro   0x0000000000004912       0xdd /home/yocto/yocto-rfpf-new/yocto-rfpf/build/tmp/sysroots/rfpf-armv7/usr/include/optee/export-user_ta/lib/libmpa.a(mpa_conv.o)
 .debug_macro   0x00000000000049ef       0xdd /home/yocto/yocto-rfpf-new/yocto-rfpf/build/tmp/sysroots/rfpf-armv7/usr/include/optee/export-user_ta/lib/libmpa.a(mpa_div.o)
 .debug_macro   0x0000000000004acc       0xdd /home/yocto/yocto-rfpf-new/yocto-rfpf/build/tmp/sysroots/rfpf-armv7/usr/include/optee/export-user_ta/lib/libmpa.a(mpa_gcd.o)
 .debug_macro   0x0000000000004ba9      0x102 /home/yocto/yocto-rfpf-new/yocto-rfpf/build/tmp/sysroots/rfpf-armv7/usr/include/optee/export-user_ta/lib/libmpa.a(mpa_mem_static.o)
 .debug_macro   0x0000000000004cab       0xdd /home/yocto/yocto-rfpf-new/yocto-rfpf/build/tmp/sysroots/rfpf-armv7/usr/include/optee/export-user_ta/lib/libmpa.a(mpa_mul.o)
 .debug_macro   0x0000000000004d88       0xf9 /home/yocto/yocto-rfpf-new/yocto-rfpf/build/tmp/sysroots/rfpf-armv7/usr/include/optee/export-user_ta/lib/libmpa.a(mpa_random.o)
 .debug_macro   0x0000000000004e81       0xdd /home/yocto/yocto-rfpf-new/yocto-rfpf/build/tmp/sysroots/rfpf-armv7/usr/include/optee/export-user_ta/lib/libmpa.a(mpa_shift.o)
 .debug_macro   0x0000000000004f5e       0xdd /home/yocto/yocto-rfpf-new/yocto-rfpf/build/tmp/sysroots/rfpf-armv7/usr/include/optee/export-user_ta/lib/libmpa.a(mpa_addsub.o)
 .debug_macro   0x000000000000503b       0xdd /home/yocto/yocto-rfpf-new/yocto-rfpf/build/tmp/sysroots/rfpf-armv7/usr/include/optee/export-user_ta/lib/libmpa.a(mpa_cmp.o)
 .debug_macro   0x0000000000005118       0xdd /home/yocto/yocto-rfpf-new/yocto-rfpf/build/tmp/sysroots/rfpf-armv7/usr/include/optee/export-user_ta/lib/libmpa.a(mpa_expmod.o)
 .debug_macro   0x00000000000051f5       0xdd /home/yocto/yocto-rfpf-new/yocto-rfpf/build/tmp/sysroots/rfpf-armv7/usr/include/optee/export-user_ta/lib/libmpa.a(mpa_init.o)
 .debug_macro   0x00000000000052d2       0xe6 /home/yocto/yocto-rfpf-new/yocto-rfpf/build/tmp/sysroots/rfpf-armv7/usr/include/optee/export-user_ta/lib/libmpa.a(mpa_io.o)
 .debug_macro   0x00000000000053b8       0xdd /home/yocto/yocto-rfpf-new/yocto-rfpf/build/tmp/sysroots/rfpf-armv7/usr/include/optee/export-user_ta/lib/libmpa.a(mpa_modulus.o)

.debug_line     0x0000000000000000     0x67ec
 .debug_line    0x0000000000000000      0x27a ./optee_key_ta.o
 .debug_line    0x000000000000027a      0x2b7 ./user_ta_header.o
 .debug_line    0x0000000000000531      0x422 /home/yocto/yocto-rfpf-new/yocto-rfpf/build/tmp/sysroots/rfpf-armv7/usr/include/optee/export-user_ta/lib/libutee.a(user_ta_entry.o)
 .debug_line    0x0000000000000953      0x46e /home/yocto/yocto-rfpf-new/yocto-rfpf/build/tmp/sysroots/rfpf-armv7/usr/include/optee/export-user_ta/lib/libutee.a(tee_api_arith.o)
 .debug_line    0x0000000000000dc1      0x403 /home/yocto/yocto-rfpf-new/yocto-rfpf/build/tmp/sysroots/rfpf-armv7/usr/include/optee/export-user_ta/lib/libutee.a(tee_api.o)
 .debug_line    0x00000000000011c4      0x211 /home/yocto/yocto-rfpf-new/yocto-rfpf/build/tmp/sysroots/rfpf-armv7/usr/include/optee/export-user_ta/lib/libutee.a(tee_api_panic.o)
 .debug_line    0x00000000000013d5      0x28d /home/yocto/yocto-rfpf-new/yocto-rfpf/build/tmp/sysroots/rfpf-armv7/usr/include/optee/export-user_ta/lib/libutee.a(utee_misc.o)
 .debug_line    0x0000000000001662      0x3f8 /home/yocto/yocto-rfpf-new/yocto-rfpf/build/tmp/sysroots/rfpf-armv7/usr/include/optee/export-user_ta/lib/libutee.a(tee_user_mem.o)
 .debug_line    0x0000000000001a5a      0x29a /home/yocto/yocto-rfpf-new/yocto-rfpf/build/tmp/sysroots/rfpf-armv7/usr/include/optee/export-user_ta/lib/libutee.a(trace_ext.o)
 .debug_line    0x0000000000001cf4      0x27c /home/yocto/yocto-rfpf-new/yocto-rfpf/build/tmp/sysroots/rfpf-armv7/usr/include/optee/export-user_ta/lib/libutee.a(assert.o)
 .debug_line    0x0000000000001f70      0x59a /home/yocto/yocto-rfpf-new/yocto-rfpf/build/tmp/sysroots/rfpf-armv7/usr/include/optee/export-user_ta/lib/libutils.a(bget_malloc.o)
 .debug_line    0x000000000000250a      0x198 /home/yocto/yocto-rfpf-new/yocto-rfpf/build/tmp/sysroots/rfpf-armv7/usr/include/optee/export-user_ta/lib/libutils.a(snprintf.o)
 .debug_line    0x00000000000026a2       0x84 /home/yocto/yocto-rfpf-new/yocto-rfpf/build/tmp/sysroots/rfpf-armv7/usr/include/optee/export-user_ta/lib/libutils.a(stack_check.o)
 .debug_line    0x0000000000002726      0x186 /home/yocto/yocto-rfpf-new/yocto-rfpf/build/tmp/sysroots/rfpf-armv7/usr/include/optee/export-user_ta/lib/libutils.a(memcmp.o)
 .debug_line    0x00000000000028ac      0x184 /home/yocto/yocto-rfpf-new/yocto-rfpf/build/tmp/sysroots/rfpf-armv7/usr/include/optee/export-user_ta/lib/libutils.a(memcpy.o)
 .debug_line    0x0000000000002a30      0x1a2 /home/yocto/yocto-rfpf-new/yocto-rfpf/build/tmp/sysroots/rfpf-armv7/usr/include/optee/export-user_ta/lib/libutils.a(memmove.o)
 .debug_line    0x0000000000002bd2      0x185 /home/yocto/yocto-rfpf-new/yocto-rfpf/build/tmp/sysroots/rfpf-armv7/usr/include/optee/export-user_ta/lib/libutils.a(memset.o)
 .debug_line    0x0000000000002d57      0x18f /home/yocto/yocto-rfpf-new/yocto-rfpf/build/tmp/sysroots/rfpf-armv7/usr/include/optee/export-user_ta/lib/libutils.a(strlen.o)
 .debug_line    0x0000000000002ee6      0x34c /home/yocto/yocto-rfpf-new/yocto-rfpf/build/tmp/sysroots/rfpf-armv7/usr/include/optee/export-user_ta/lib/libutils.a(snprintk.o)
 .debug_line    0x0000000000003232      0x1e8 /home/yocto/yocto-rfpf-new/yocto-rfpf/build/tmp/sysroots/rfpf-armv7/usr/include/optee/export-user_ta/lib/libutils.a(strlcpy.o)
 .debug_line    0x000000000000341a      0x28e /home/yocto/yocto-rfpf-new/yocto-rfpf/build/tmp/sysroots/rfpf-armv7/usr/include/optee/export-user_ta/lib/libutils.a(trace.o)
 .debug_line    0x00000000000036a8      0x192 /home/yocto/yocto-rfpf-new/yocto-rfpf/build/tmp/sysroots/rfpf-armv7/usr/include/optee/export-user_ta/lib/libutils.a(memchr.o)
 .debug_line    0x000000000000383a      0x109 /home/yocto/yocto-rfpf-new/yocto-rfpf/build/tmp/sysroots/rfpf-armv7/usr/include/optee/export-user_ta/lib/libutils.a(arm32_aeabi_ldivmod.o)
 .debug_line    0x0000000000003943      0x293 /home/yocto/yocto-rfpf-new/yocto-rfpf/build/tmp/sysroots/rfpf-armv7/usr/include/optee/export-user_ta/lib/libmpa.a(mpa_misc.o)
 .debug_line    0x0000000000003bd6      0x2f3 /home/yocto/yocto-rfpf-new/yocto-rfpf/build/tmp/sysroots/rfpf-armv7/usr/include/optee/export-user_ta/lib/libmpa.a(mpa_montgomery.o)
 .debug_line    0x0000000000003ec9      0x2b8 /home/yocto/yocto-rfpf-new/yocto-rfpf/build/tmp/sysroots/rfpf-armv7/usr/include/optee/export-user_ta/lib/libmpa.a(mpa_primetest.o)
 .debug_line    0x0000000000004181      0x280 /home/yocto/yocto-rfpf-new/yocto-rfpf/build/tmp/sysroots/rfpf-armv7/usr/include/optee/export-user_ta/lib/libmpa.a(mpa_conv.o)
 .debug_line    0x0000000000004401      0x338 /home/yocto/yocto-rfpf-new/yocto-rfpf/build/tmp/sysroots/rfpf-armv7/usr/include/optee/export-user_ta/lib/libmpa.a(mpa_div.o)
 .debug_line    0x0000000000004739      0x393 /home/yocto/yocto-rfpf-new/yocto-rfpf/build/tmp/sysroots/rfpf-armv7/usr/include/optee/export-user_ta/lib/libmpa.a(mpa_gcd.o)
 .debug_line    0x0000000000004acc      0x2c6 /home/yocto/yocto-rfpf-new/yocto-rfpf/build/tmp/sysroots/rfpf-armv7/usr/include/optee/export-user_ta/lib/libmpa.a(mpa_mem_static.o)
 .debug_line    0x0000000000004d92      0x318 /home/yocto/yocto-rfpf-new/yocto-rfpf/build/tmp/sysroots/rfpf-armv7/usr/include/optee/export-user_ta/lib/libmpa.a(mpa_mul.o)